    2.4201900270      30.3206247285
  159.7091398954      43.5710315661
  666.7302806108      72.9767141083
  667.9808574224      94.8201704530
  202.5745780986      60.0344597937
  562.2170927129      97.5214741115
  840.4279770398      83.0581442616
  476.6665986567      68.6744699911
  265.9185962444     110.1032312877
  934.0485469534     120.2991348177
  146.1895383758     138.1351824437
  760.6708678003     225.1108039676
  519.8320472741     370.2860361396
  594.6435852300     370.2392761987
  415.0442893043     176.0315334401
  770.3881120629     215.0166182620
  981.4968748303     175.3312465565
  442.9195624506     121.6040282314
   43.6749690292     221.8386257316
  168.4452712503     240.7489022414
  358.8671909343     202.8439072398
  966.4221338482     257.2010319957
  637.8929303709     241.2129740880
  571.2749216418     261.5010686393
  228.3959891422     188.2659021490
  810.0201816116     241.9962461516
  766.4268201925     211.8627503547
  345.9224784049     105.2060572001
  112.9982451069     164.2738304129
  774.1531327048     227.4109363841
  394.5900053924     129.2846933807
  805.0149084338     367.9708789345
  848.9793051524     380.7010361244
  848.1216627182     241.9774138533
  457.5962743820     149.4859666303
   12.3624229916     408.4876664584
  469.0281579516     500.9819267566
   76.7861097190     460.2849304133
  362.6027605090     291.6263741134
  747.6921778139     448.0457272406
  753.3791303522     470.4721982252
  917.5648672374     321.7058086353
  193.8316031639     220.7021394670
  686.5137519623     362.5255113905
  194.7687295107     445.5293406415
  210.1750387544     397.3060149463
  742.7560161830     394.5987449653
  887.6541838648     382.7331961269
  700.7481307184     337.2842472008
  453.7648022416     188.0149407466
   52.2096287506     355.1624677255
  582.9779394602     437.8260571744
  252.5871213407     270.1327631558
  753.2148812017     462.5221816303
  853.4834046272     436.3258873660
  170.7177549246     266.3227863823
  707.5738167795     331.2596991392
  867.1005906109     420.9414215280
  681.5672014207     357.1999288243
  112.1964567711     342.8250351878
   79.4578722573     385.6457058964
  870.9303325429     377.1881411474
  933.9281076874     338.8879623650
  455.2477373894     142.5975791361
  859.9875265099     251.5809867408
  438.0376458593     156.7967645332
  878.2898610311     334.6937070733
  752.0911684457     314.7822724340
  373.1324952817     137.8962129010
   46.0881984168     198.1634197858
  315.6899615172     151.8203167538
  850.0175220460     387.3719276737
   12.1542799421     382.6125021067
  554.1755358698     126.4482019169
  147.2032868024     257.8587415173
   11.7485789024     284.4218016488
  614.8221397508     222.4812974956
  250.1335817702     195.4492927252
  682.4186083869     324.2705569937
  538.3516274111     300.9254641390
  271.3127717095     165.1705728953
  983.0073615203     178.0563979597
  341.7416221786     159.4227507830
  398.9736736574     158.4766816445
  820.9034675188     208.4826694008
  517.2763252351     192.0493973870
  848.5152478336     374.8317495345
  905.2763658431     463.9402976594
    8.0011315025     315.4104494307
  422.0888855086     134.6054663074
  496.4383627793      95.3945512505
  746.0785446574     149.6539699185
  895.7548125162     123.9406785868
  846.9844465766      93.1845665171
   15.7019533855      97.6508416931
  710.7689505696      46.4333072103
   47.0069815875      53.7664169636
  161.4175801541      73.7569787962
  206.2196893875      67.3745610595
  632.3462482205      31.6565548068
