   -1.1397634103
   -1.1275863070
   -1.1227213957
   -1.1136923049
   -1.0850601585
   -1.0757772761
   -1.0727154057
   -1.0661756661
   -1.0228940483
   -0.9977199148
   -0.9846539650
   -0.9833585382
   -0.9729615185
   -0.9319109064
   -0.9300776209
   -0.8853510731
   -0.8731695102
   -0.8427981535
   -0.8387939549
   -0.8311194641
   -0.7908650214
   -0.7740870529
   -0.7660555771
   -0.7495498899
   -0.7440197257
   -0.7336996732
   -0.6750934188
   -0.6607750577
   -0.6548739922
   -0.6400317039
   -0.5870688383
   -0.5581330295
   -0.5167631297
   -0.4743590704
   -0.4516456132
   -0.4256602955
   -0.4020878220
   -0.3755018618
   -0.3556233460
   -0.3289983462
   -0.2804377175
   -0.2563633746
   -0.2291407533
   -0.2045460188
   -0.1761340921
   -0.1427492509
   -0.1228045369
   -0.1071720460
   -0.0557813796
    0.0003980558
    0.0242713586
    0.0638543409
    0.1044374764
    0.1186123880
    0.1644622705
    0.1817404040
    0.2177584926
    0.2415398256
    0.2650331010
    0.3086872959
    0.3289302013
    0.3540047926
    0.3863403021
    0.4042761082
    0.4292273362
    0.4690556018
    0.5053719980
    0.5147149567
    0.5414532333
    0.5920276662
    0.6039653684
    0.6596162212
    0.6739554520
    0.6912079098
    0.6972310127
    0.7220011306
    0.7278491440
    0.7479955114
    0.7579361254
    0.8210523289
    0.8303695691
    0.8446751419
    0.8545043222
    0.8709172744
    0.8761365714
    0.8953578560
    0.9327778835
    0.9820985339
    0.9849500999
    1.0000537686
    1.0077395780
    1.0120867589
    1.0258520495
    1.0378369902
    1.0817060147
    1.0832853213
    1.0854265553
    1.1568234784
    1.1568282626
    1.1713297470
