  672.6017694261      30.4393658563
  235.8166936642      39.8394840610
  851.5344618059      41.7583750683
  398.6221898013      46.2851346720
  984.1693696318     108.2362798080
  957.7269645198     118.1143217694
  173.2453087239      80.1060539381
  725.7123481299     117.6715548848
  544.5053849519     145.3083155642
  480.5173379548     114.7494345602
  204.6714869415     184.0365675412
  206.7500612076     183.4367957320
  636.6455614756      80.2783872753
  380.7836231779     110.0439149430
  891.0356405903     100.4138177686
  907.8784743442     189.7520801553
  588.7236485782     270.2855339336
  135.6463680342     298.7532360078
  479.2268525201     340.3423196304
  406.3496694600     268.7041189763
  928.3967320333     286.9184844093
  794.4716576351     305.5426450592
  728.6037153494     213.4639532614
  396.3870901265     228.3959494758
  891.7311485369     329.9018476225
  951.1615523123     419.9930815527
  203.5808182658     355.9435596702
  100.3411089372     323.8018695254
  100.3123522699     387.4467613252
  444.0417667806     352.9481923479
  526.6219223288     389.5044803882
  138.0214136462     422.1461166377
   68.3810884966     473.1839480271
  997.1709272420     623.4789234837
  643.2237309143     320.4944612476
  812.9644182784     332.4989345589
  436.7587672991     282.1702421403
   67.8147880831     182.9549162724
  655.6452091022     248.6491779534
  464.6461863670     369.9001421488
   71.5830345937     338.3706265547
  181.4915319927     313.1320920424
  496.4355648002     385.2482459431
  429.5563886544     409.7968404944
  837.7328935866     259.8593967055
  336.1348839048     398.0199996434
  935.0381748105     577.9683999195
  506.6348142700     478.2974580810
   46.3759630528     313.4075823224
  554.4099331277     271.7826329344
    7.2227577012     287.8373152285
  435.7943619133     338.3382204117
  933.9855294313     370.7171649275
  676.0976193745     464.8586782571
  560.5862535458     467.1183017591
  918.0984554829     323.7164545603
  405.3378921241     380.8015670800
  301.2692554341     348.4298227304
  573.0633572585     300.0521638363
  651.8022167904     254.2049803497
  223.9293148569     301.1997544392
   81.8649087747     348.9370993850
  699.2332949261     249.5805535316
  329.1745103401     261.7667404385
   87.3113400440     408.3245777592
  750.2778526403     365.1381093930
  509.0910587171     486.4705826237
  353.4791591373     494.4386483545
  884.9211456055     262.1160239701
  195.9391599270     261.2460942650
  729.1033830910     265.6125272303
  649.7069441519     314.5253072861
  130.2474022145     310.6540241196
   82.3959152947     360.9990199545
  413.6897119969     399.9835882624
  501.6183945259     269.1925658236
  771.7671425275     261.2107184542
  310.9911762970     264.1042929506
  950.8711784116     132.0918494467
  418.1421596745     224.6215265544
  721.1609113452     207.2484364335
  212.5470854192     211.0634467081
  442.6328266181     169.5243206049
  849.8400786589     486.3265270517
  370.4441584380     533.8055203149
  839.3654691518     120.8275369695
  727.6846230184      73.4375674385
  413.8475017569     125.7086574091
   12.0222501986      84.9998538842
  486.6089914163     109.3792980604
  930.0502022624      65.7064925440
  202.2575853163      80.5971565173
  520.6842449090      70.9809257877
  684.6855210557      65.6761048969
  869.4406211810      31.9606135067
  117.1790249773      78.0277357565
  266.1703202237      97.1667801284
  375.6687821833      45.8836480929
   12.7426877640      38.2438464246
  223.2276702251      64.3333423146
