   -1.1739063658
   -1.1443532396
   -1.1429637065
   -1.1255527455
   -1.0850457777
   -1.0768689691
   -1.0626341876
   -1.0341509639
   -1.0302374831
   -0.9864076111
   -0.9739122239
   -0.9482766938
   -0.9421604947
   -0.9362900638
   -0.9257539944
   -0.9166103655
   -0.9157377009
   -0.8873661736
   -0.8720589206
   -0.8363829873
   -0.8239020783
   -0.7982229074
   -0.7914207540
   -0.7759208139
   -0.7471024271
   -0.6930423793
   -0.6706848325
   -0.6265029876
   -0.6132852685
   -0.5648742201
   -0.5475155387
   -0.5297533636
   -0.5256747460
   -0.4689092184
   -0.4537226045
   -0.4050633227
   -0.3915385706
   -0.3732957288
   -0.3379990151
   -0.3195571687
   -0.2701480643
   -0.2584250643
   -0.2126513860
   -0.1991848784
   -0.1617213765
   -0.1275357904
   -0.1069640951
   -0.0749706846
   -0.0657358740
   -0.0164947813
   -0.0057515086
    0.0393276043
    0.0535582815
    0.1025256169
    0.1294681868
    0.1521615922
    0.1614099318
    0.2286030411
    0.2459287806
    0.2833266676
    0.3167157598
    0.3290255695
    0.3947750360
    0.4245532165
    0.4266405995
    0.4463711951
    0.4645781263
    0.4781277190
    0.5146575854
    0.5423359305
    0.5951266156
    0.6103004053
    0.6437750307
    0.6831627719
    0.6947274106
    0.7094837232
    0.7553222683
    0.7574953318
    0.7949434685
    0.8095349558
    0.8234955688
    0.8367614041
    0.8557190503
    0.8596721478
    0.8724802878
    0.8894433655
    0.9063827978
    0.9090582788
    0.9125671002
    0.9618329420
    0.9822471379
    0.9857714150
    0.9917513368
    0.9947736726
    0.9993790981
    1.0062196102
    1.0713355311
    1.1525804306
    1.1842800694
    1.2113563930
