   -1.1109892065
   -1.0437496008
   -1.0319820480
   -1.0264945951
   -0.9874197499
   -0.9812019694
   -0.9751088401
   -0.9694625891
   -0.9667707422
   -0.9575143957
   -0.9335543317
   -0.9244658079
   -0.9179135367
   -0.8892250048
   -0.8795619279
   -0.8249767277
   -0.8184042757
   -0.8099514571
   -0.8023836501
   -0.7840786677
   -0.7782341409
   -0.7655940742
   -0.7289641115
   -0.6975743224
   -0.6871694902
   -0.6737138335
   -0.6603868070
   -0.6238108835
   -0.5950624736
   -0.5780586255
   -0.5433818851
   -0.5297829806
   -0.5023309638
   -0.4905967704
   -0.4756514225
   -0.4191876709
   -0.4053360599
   -0.3639816976
   -0.3156652453
   -0.2954096455
   -0.2770367835
   -0.2448198902
   -0.1967831008
   -0.1773295716
   -0.1431247943
   -0.1168826945
   -0.0858796192
   -0.0658932667
   -0.0487339637
   -0.0082396950
    0.0381132755
    0.0610024605
    0.0991434475
    0.1213981658
    0.1418889839
    0.1678507713
    0.1868753309
    0.2229686931
    0.2521519755
    0.2955744455
    0.3316106549
    0.3530887350
    0.3647494737
    0.4135142399
    0.4533397974
    0.4619580946
    0.5026295578
    0.5084382767
    0.5415431072
    0.5838949683
    0.6045139837
    0.6285328053
    0.6353608403
    0.6769220649
    0.6811039353
    0.6992006170
    0.7319043660
    0.7368541879
    0.7868817231
    0.8007678151
    0.8113820238
    0.8194593210
    0.8492293950
    0.8660805925
    0.8662174621
    0.8735950550
    0.9148873044
    0.9277873233
    0.9329440973
    0.9476412505
    0.9864109812
    0.9894930277
    1.0098033716
    1.0104782129
    1.0553650978
    1.0631901892
    1.0709031006
    1.0926936740
    1.0964039010
    1.1023036064
