6.879846453
6.524962228
4.751870038
4.179808167
7.437952036
4.204272089
7.074695951
15.16378332
5.915720198
15.53333564
6.796156656
6.899648313
15.98030599
9.937965826
16.42232627
13.18005794
9.768579302
19.69443336
18.68511062
10.78411908
27.55077588
20.97294097
8.906256069
26.67557164
14.06033142
37.14263661
9.573393543
18.90266421
34.7560066
24.1103657
30.47752113
28.96446141
31.10276396
31.41805156
17.14639543
12.16675806
21.21601114
30.22037067
43.79939742
48.60707535
47.87055189
52.36335163
47.00695877
42.58040142
28.27960817
29.8444388
38.02912014
34.13783245
23.10494092
37.31086529
51.27113909
39.4704081
21.65023107
22.74469415
27.94669285
34.27820151
46.88184926
41.69752383
38.81132454
17.07540301
44.14386168
35.3663306
50.34222189
18.39769693
28.93231413
39.15891553
30.65046953
39.07479518
37.61958921
15.83093957
42.13612946
23.27154409
33.2987403
32.84114224
36.88310417
33.67104871
13.36338443
22.36059696
16.27445674
17.04086397
7.374601918
16.97318811
15.3530563
19.45208718
8.607769476
8.9315563
16.90558869
15.94790814
8.781170399
5.027590346
8.48741928
14.54252356
4.700960363
11.59168247
13.32060828
5.332838939
7.615490127
8.364834522
4.382671159
4.489167349
