  412.6669892329      27.8422078096
  216.3620202726      27.4395499455
  754.7981587884      44.5263152361
  617.3630859910      54.7571136355
  898.3189006483      65.9887992305
  464.2161456343      46.7043089791
   22.9056245044      80.2001518944
  587.5382072083      74.7016517480
  899.1162370696     283.2064630118
  886.4919269296     286.9848131068
  292.6204368964      78.0316267325
  957.8719062489     132.0298343855
  252.1369724417     185.8683874324
  274.2514273806     209.9569961503
  568.8449570412     154.8560071286
  698.6325463861     144.9224936792
   19.4792269854     120.5584563186
  341.9039243105     164.8516226955
  905.8875455921     183.6217090650
  774.1663202662     149.7274538532
  164.9788192351     156.6710662660
  311.9373315625     234.1132785285
  482.4743221657     228.0819287589
  821.4296614879     249.2047147855
  659.8715799021     246.7392468057
  237.2375992150     277.7096610966
  297.8337791694     267.9680957930
  799.0823562339     221.3026502194
  409.0775907779     353.4112807220
  783.0461264504     455.0807646961
  984.1164122725     379.9682122107
  877.7967150315     435.6423226516
  305.5556982686     373.4209192141
  788.6862918601     304.5184447066
  371.0630942390     434.8460198678
  892.6403959254     431.5721771352
  453.1815169303     316.8645504826
  125.5931033009     300.4570952226
  907.8359715041     266.8266002630
  533.3879503171     230.3066165626
  167.9116318838     386.6468962479
  271.4903810765     393.4340557956
  616.9701215078     244.7020558468
   65.2984379519     373.3873943491
  508.5281499657     503.3677900160
  914.4987021428     454.0564756524
  351.2644598111     358.0434690185
  350.7826983543     305.7729707418
  860.6418281352     318.9969690200
  727.8440373287     323.2754491252
  293.0459061459     272.0241579397
  489.0428095070     248.4072710085
  956.6595185413     247.2396192931
  908.9726595135     243.9325090703
  551.9483262043     336.1246507734
  553.8751694018     374.9103981817
  139.1635138030     317.8406960698
  515.1986878312     296.0440478109
   92.3352730876     348.9987183351
  221.9612775204     458.3112527264
  575.4330030662     486.4354291194
  996.9112063163     622.6214687914
  401.4295813753     581.5444094951
  487.6263423826     562.3721001472
  235.8046075897     339.3582633107
  449.0425551185     287.2471863378
  948.8819541451     224.4524558441
  427.8228417287     412.6876365770
  414.9717958902     549.8299866203
  566.1507763190     441.7015119614
  894.4481550731     411.6339093008
  734.8595335483     422.9641566043
  355.7039889626     235.2863123444
  785.4979521037     361.3524810004
  931.1207103694     336.6789260123
  797.5444670965     313.4399962078
  684.1336096819     315.6554628671
  264.0078243920     209.1812784665
  646.2437293350     277.0066736429
   79.9534345297     214.0651519081
  643.9899040017     296.0087184279
  655.4110369184     324.6453202216
  377.7934867013     192.3829859369
  811.5386771129     199.0814528486
   73.6423679939     183.6464427955
  151.9693010153     189.3173314770
  251.1892797917     235.5792866869
  777.0664973901     224.4808785992
  727.9764959886     392.2924448422
  708.8788849507     373.2343162527
  229.5770174099     152.4212786099
  922.5462553994      90.6633719104
  427.2441563404      61.5728150829
  629.4889741069      29.4223877304
  155.9540062495     134.5504077436
  203.5009976323     145.6711027825
  454.8481917569      51.3536058355
  923.6554367709      62.9255888601
  236.1892398530      75.9146901517
  740.7778305206      30.2034570280
