  119.2855474990      33.8604378209
  594.7007057416      29.4353140500
  977.5413833311      36.5359354476
  345.8674028196      40.6325007078
  841.9704236892      95.2581353525
  680.1038066914      92.2337570150
  508.8933837153      96.0728157339
  135.3846674850      70.1188406887
  558.7922099638     262.7073699567
  670.7467720966     253.1737197361
  218.0288345533      72.5038088051
  458.1061910411     125.6872656997
  861.3644634029     195.4573063830
  914.0290121918     196.8187279990
  379.9210849716     111.0349787456
  831.5510891248     156.8225321445
   81.5401845130     156.9299448679
  843.7769882965     195.1071225662
  560.7304449245     134.7679474878
  260.5884737573     182.3607236361
  210.4501991008     213.3338104005
  811.5203043763     148.1524116355
  125.7344222630     245.0021866424
  317.2216023359     208.5295963078
  136.1112995332     347.8684376023
  384.7014953702     337.3706829462
  705.9855282247     169.5914609338
   83.2081571292     220.0811340880
  678.3491994287     228.2439666435
  473.0273314242     264.6189180078
  335.5518595851     246.8601700914
  599.7590945461     200.0958408609
  139.5828251838     200.5718208485
  823.8206943096     198.1477396608
  125.9973305667     271.5468777170
  838.1281117364     249.2906600233
  299.2602278990     339.4772771264
  313.6850638994     416.1392833945
  560.3727028249     507.6317417889
  608.6148033301     518.3344144660
  202.8410494039     440.2331873574
  543.4838266322     394.3457167792
  896.6534729142     422.0303523594
  900.4707348118     405.8394004479
  504.3906588038     233.6230153905
  105.7824045844     231.8810455293
  537.9369183462     236.5994177483
  873.0205747519     261.4424300832
  181.1339684880     296.3252015325
  801.6689868739     346.4196641052
  298.1436730682     461.0807702117
  632.1025839248     499.0319962691
  139.3949210220     482.3764760900
  843.6577626555     435.3549301604
  372.1628076067     348.2092178205
  516.0011637418     277.3276858200
  168.4957122330     298.9552386189
  675.0614296071     368.9625999879
   47.4164539353     402.2157816947
  454.9059041141     295.6390057012
  116.2876517258     387.8697313455
  690.4448964879     319.0032114309
   81.1189872942     467.9688844194
  104.5612590434     486.1225383983
  243.1796430953     380.6221844402
  868.7305004079     342.4273745611
  142.5239177682     286.7034488294
  635.4573818836     312.0748198582
  679.6806627421     307.4052346150
  210.9158883858     440.7667227688
  412.1383689972     456.8998743267
  246.9541216134     371.0584580655
  207.8873768591     353.5423932005
  441.7636074336     210.5545350357
  749.3076374343     226.3698993415
   29.9945089986     321.8915616982
  770.2126629553     298.3442175456
  270.2925337695     209.0345474994
  489.6872855329     132.7155826504
  924.4174661113     322.5943778137
   58.4740295804     325.5936092570
  865.0333977216     158.5810302127
  326.1919160410     267.2989150180
  200.7615709079     269.6459931892
  821.2854982518     219.8563166393
  904.8174098052     206.0051889998
  296.6266246700     199.9639605311
  279.7374458365     220.5767270757
  148.7975049251     128.5986997896
  484.3580758617      89.4827988761
  368.8265180051      89.8520413348
  822.7903331266      84.7105941663
  641.3743188055      96.0075860982
  603.3669955374      91.7126503223
  744.2579389514      48.9377444227
  970.4804323380      40.0714009153
  119.6825753097      37.1053577430
  333.1587774888      37.4363044234
  589.3291181283      41.8789503031
  854.8160541389      29.6138266841
