4.944252489
8.730198801
4.521139967
6.016089814
7.136055138
10.57961934
9.996609356
11.04811025
13.58182725
10.41856428
4.781144624
8.751324951
8.244328468
18.55182924
14.42159202
18.14552579
15.03955951
16.51334275
13.91774444
20.81240842
15.40405703
35.05321863
24.48771299
26.5979093
18.04659896
28.78625221
12.99620057
15.20473761
37.1309228
39.25982833
30.48692105
24.66506402
34.79906378
24.83363133
37.69788743
44.80867553
38.60227523
28.59503792
41.4328709
51.12893119
39.25189212
33.75240098
27.62215949
25.39601308
21.54000005
24.5551724
18.76115759
45.75423317
40.56860036
42.27525976
38.14883196
46.46674524
33.78662196
55.67615046
33.07525206
27.4832443
25.40845189
38.57922613
35.31777675
41.23923182
27.55777471
22.77061346
45.58085582
38.16286806
42.32728046
24.77658287
21.44798842
25.5310091
18.529406
21.32181641
32.14710277
35.81209456
28.1638657
17.36239019
24.23105871
21.75591181
29.41550269
25.1205967
22.20065624
28.76876652
20.61651406
24.1845776
16.5260161
6.085159935
9.2739096
16.83940891
20.03876338
25.45687061
7.66334629
10.00279069
9.462915604
11.89918049
4.69837437
9.954553333
6.100238951
11.6303571
13.64307513
7.172376479
5.647051967
6.154130226
