5.307012973
5.714429905
6.464906016
11.58423619
4.731220295
10.58905775
13.03412557
6.132809332
5.030220168
12.33343823
5.479610996
16.55186282
8.220537497
8.519399675
16.35668035
22.19709686
20.4623861
12.2168559
10.4813334
11.05158272
19.7888702
11.85001972
11.71388711
22.83305776
16.841171
17.5401376
35.64161674
22.73864441
28.95802376
13.35717171
46.36249188
45.08760605
31.69959284
22.46477668
43.0033066
40.59630346
42.65606108
49.01274146
48.89908907
33.66708976
51.92466449
51.69352988
58.85942198
59.36651176
52.47208562
43.08527281
39.56628859
28.89897214
41.42327704
43.82634107
35.55845547
21.14729869
26.52099398
37.3458731
40.32023217
36.64907552
50.12324854
49.9605979
22.44263205
23.62191524
28.35468346
28.88315032
35.21267541
19.48990741
33.17696197
29.9234846
37.69043858
31.51858633
41.19677657
41.48872509
34.09830467
25.64273138
23.36880224
11.80373319
23.86178749
15.67042912
23.16118835
17.70628561
15.24048175
25.49679651
15.45853248
11.46494737
19.60078139
21.96937934
25.93477505
20.46075127
18.64057128
19.85308118
8.998684058
19.09871409
21.12370962
9.105794775
8.929653822
11.26839217
6.916557547
7.307289427
8.624559135
7.373978017
7.018539004
4.231885602
