5.152070315
4.485136776
7.072917285
6.736894781
8.652008253
5.105307288
6.825885779
8.904726869
5.212615178
5.650867499
8.801428496
7.982029913
11.37481765
8.653390484
9.714656607
11.09560644
6.165347085
14.97810568
15.14804908
34.25430578
34.35607209
25.8860704
32.25394989
24.53309959
28.15378278
14.45042241
18.95868852
10.73222207
14.53315688
4.898111821
15.8560463
15.8408115
27.05497257
26.86463294
20.3764192
26.61212169
37.51580097
38.55234431
43.34917399
42.50729022
20.79528332
27.40007861
46.39012767
54.10249011
50.79984616
45.21141258
44.21053467
34.7849255
49.28998275
36.70164438
27.21051687
22.53191513
28.9327481
25.63477607
33.62602927
46.14937799
44.40013017
28.82056671
26.26967908
21.2687298
22.06743425
24.91152691
23.39638747
32.25470297
14.65359578
26.97188242
22.84005779
29.00616482
29.62719841
15.84512114
23.2333762
25.95195406
19.07421209
12.7499644
10.2331628
12.3280684
22.73088381
12.15526332
12.91619697
12.24635503
18.65496647
11.56348733
11.14978031
12.970594
7.802638055
10.04550137
9.392858027
8.072423907
11.11095114
7.529423482
7.450649947
9.302252547
6.941149457
9.214073749
6.349706127
5.980157453
4.515964024
4.539724771
5.815094352
8.090056736
