   -1.1463286270
   -1.0821074258
   -1.0503713850
   -1.0484468353
   -1.0380805413
   -1.0341940297
   -1.0258221343
   -1.0078830668
   -0.9944095625
   -0.9894055555
   -0.9710048805
   -0.9699722798
   -0.9528334482
   -0.9387322336
   -0.9351680228
   -0.8930508708
   -0.8724607688
   -0.8678810008
   -0.8644749890
   -0.8153906705
   -0.8062670209
   -0.7835174687
   -0.7663279819
   -0.7298822352
   -0.6909705382
   -0.6882752863
   -0.6553698147
   -0.6451117838
   -0.5921807194
   -0.5706055110
   -0.5567279148
   -0.5463790712
   -0.5273602094
   -0.4849916742
   -0.4687322137
   -0.4377756588
   -0.4214864784
   -0.3882522048
   -0.3495508919
   -0.3346851146
   -0.3293640737
   -0.2418221848
   -0.1981128308
   -0.1822585952
   -0.1647132423
   -0.1388893723
   -0.1105966835
   -0.0944125745
   -0.0410134671
   -0.0138783675
   -0.0004470851
    0.0604362057
    0.0619489321
    0.0926848197
    0.1081649449
    0.1412745357
    0.1715205074
    0.2175026522
    0.2439977441
    0.2738175984
    0.2950963292
    0.3552828956
    0.3826490279
    0.4066079858
    0.4128469113
    0.4782795235
    0.4953901789
    0.5152830106
    0.5421161733
    0.5545818604
    0.5843884897
    0.6104799573
    0.6248873447
    0.6403179131
    0.6674621849
    0.6782687010
    0.7231501797
    0.7432191554
    0.7624439675
    0.7822298626
    0.8155668081
    0.8318710117
    0.8565791437
    0.8585730869
    0.8630927756
    0.9047329785
    0.9196383650
    0.9242379035
    0.9315557188
    0.9388084636
    0.9831076657
    0.9917762462
    0.9960812875
    0.9995247287
    1.0079775871
    1.0267031405
    1.0569538723
    1.0738001191
    1.1009065139
    1.1024675113
