5.56984528
5.495170951
7.294825575
6.059872404
4.740365398
6.383820649
5.331606613
6.111072537
6.185903931
7.672560437
12.07284709
4.319561996
16.47865513
14.55329503
15.70783354
4.600843738
18.63142972
25.5068888
22.9431684
6.664606586
20.09213788
31.14509459
44.15055758
45.50574812
20.2315634
34.98485719
22.67836505
24.13134621
32.84207562
35.30241085
38.18561534
25.03006982
26.12798528
42.15993339
47.43152849
44.72811048
25.61462223
29.03985568
50.36428699
45.20088648
49.04172906
39.95586071
51.80717231
25.17922418
46.3734169
20.36132885
45.99716165
26.93800452
34.71190668
46.2789491
24.79325475
27.51907942
33.0031655
21.69709321
39.50539983
32.21490722
38.95994047
30.18613092
24.03421154
26.13470672
39.88800111
30.8749488
37.86681932
38.76592477
39.13716206
31.7124864
21.41785564
28.80398779
46.00920547
43.63846355
17.86193354
17.9996119
21.51874373
13.17221932
18.17875463
22.61859328
16.123407
9.863002075
11.97009371
16.19697209
9.193387068
20.18720207
11.88036159
10.82751711
6.277599229
12.43361085
5.355305295
9.524716951
10.49927438
12.46853467
9.473556034
12.24366953
10.95068778
11.91543043
4.017298787
9.063887994
6.145712442
9.054778368
4.140356171
8.818518658
