4.075731325
6.986868428
7.352500401
8.836035625
11.23674297
9.574679649
11.30677405
5.403874648
12.89312447
13.96405632
20.85742222
7.925250307
9.576402783
23.42840724
11.64713674
7.104002907
7.997333812
15.95821627
17.03668906
8.437777274
26.91265802
31.65465281
41.84079993
29.51050511
33.84559552
30.63735065
32.08658146
40.90720956
15.63851005
40.63727536
34.31895605
52.92026559
44.30915666
22.21364949
24.22960493
34.47271861
52.10232401
27.13919709
43.99265546
37.10440016
36.20011337
33.58458852
22.86466671
19.48493518
30.15699862
34.47882005
27.63716702
37.04134788
36.23114472
33.36643936
34.07396561
39.66799003
35.15744818
30.98873023
35.29951852
32.00689951
18.9527686
19.39896118
20.874072
17.63947781
36.8472027
35.53494062
37.32914499
24.61905766
35.2950667
37.76034612
31.45678185
28.03816278
32.01029984
32.80227604
23.9866372
31.52375476
21.89521655
28.03084895
34.58755803
52.09309538
23.51267823
27.80083761
20.03268749
9.967452689
11.19604657
19.45043596
10.58161571
19.73999609
8.920776904
16.29861049
14.34948968
7.303974004
12.37682613
5.724498239
5.680825548
14.0564822
19.33590855
7.303429177
6.431581316
6.841276356
7.949078764
5.268425548
6.184429406
4.143999965
