  671.0798773899      28.9151440324
  579.5042312940      27.0164465470
  899.2341784698      28.7802461416
  775.2923881751      29.8865448176
  419.3877408519      35.6065877263
   24.5098175276      29.0504023359
  193.9976451021      44.6030055419
  510.6624776894      65.4385765337
  817.9568017314     175.2926309494
  398.9871968664     210.5025988534
  144.4922962947     170.7700017119
  727.6057437027     166.5628500376
  218.9904524914     168.0041031072
  721.5034965016     158.1472382492
  233.4763819461     188.5129468742
  501.1688025378     153.0519442630
  909.6351918481     114.3507836219
  255.6448810104     158.4661627634
   52.8032670151     111.8447187659
  482.1887019472     175.9959972521
  853.7931826249     152.0674854399
  299.1597889019     212.1124989302
   74.7621555295     238.4418507835
  925.6061818465     234.3889933429
  398.8750947843     255.4605123797
  629.1926151503     321.4624880041
  508.3270499611     369.6360552908
  126.7063025254     243.9985927466
  580.4196035897     361.4216318192
  784.6303477236     365.4567525121
  109.3483227272     364.0743065054
  896.4307960688     382.6512544494
  461.9763606540     277.9947370634
  123.7841468429     162.8437821459
  665.0959274449     222.1578648327
  460.2383092592     348.0763153382
  668.6276506102     518.7508673695
  667.5075254815     446.4586326194
  123.5883654530     313.3539045707
  328.4055357115     430.5032000849
   34.1682925113     496.4147445984
  844.2743362256     446.4513031542
  407.2699024095     401.3118205437
  550.4615852164     395.1211594374
  842.9136851096     342.4936641650
  448.1731245525     365.8408584016
  975.3822543601     346.3385701065
   94.7395437981     407.3065040471
  360.5149280082     376.4593745198
  726.3863520619     388.2099889532
  451.4057080064     432.6450828197
  756.4164750814     393.3303300603
  349.0664968344     371.7981601787
   55.3701931755     401.4884659996
  273.3251573808     332.0836595813
  792.1378218798     286.6671127333
  331.4818668872     251.6819246360
  887.9678555092     308.0580054550
  938.4065376746     439.8240379450
  747.0755213168     422.0325620640
  274.1755759897     352.6481776670
  718.5097882216     342.4229754975
  269.8243287481     283.7480122163
  457.2979799677     320.2615406175
  654.9665365854     416.8476856787
  665.0266827163     425.8638860356
  726.8360208243     431.7955861138
  475.5049842579     364.1018590903
  991.6242114980     294.4479349030
  957.8935477546     408.2550015339
  904.5209439517     507.5260544317
  868.0331557531     420.0940387959
  287.7918480996     400.7727772301
  313.3571251475     423.2053469840
  811.3323820319     245.6678253855
  402.1683901696     253.8649361304
  470.2848378806     296.1300986880
  903.8707717027     222.4208176819
  327.9482073210     375.1435361450
  289.4635487861     338.4632892679
  302.5983045207     244.4586658725
  406.5743860775     223.8960609776
    6.2387535843     198.4874942028
  930.4841983455     178.3910497818
  154.3070233439     110.0668373180
  840.0572331927     162.4936307435
  728.8053152039     138.3448808153
  406.1198673612      67.5258685355
  130.6678949186      92.4932086199
  674.5506573481      85.4492955239
  257.3444098933      80.2331320141
  894.7986858253      69.6651964500
   34.3747223075      32.0409065825
  396.8573842862      38.5488489141
  518.3393436278      28.7557749624
  762.7379481919      30.8506458409
  892.6857328096      43.7186889317
  585.3736123146      26.0217113925
  202.8239608539      25.1690339311
  668.1759749263      29.9178867449
