   -1.1296932346
   -1.1127937026
   -1.0801860597
   -1.0511892449
   -1.0449153956
   -1.0174853441
   -1.0161565356
   -0.9971673512
   -0.9636489521
   -0.9575973439
   -0.9543136891
   -0.9403459765
   -0.9327940158
   -0.9301848423
   -0.9134676111
   -0.9015385141
   -0.8943018122
   -0.8838726626
   -0.8225698765
   -0.8143455275
   -0.7895305177
   -0.7801351753
   -0.7709909572
   -0.7476293864
   -0.7430426906
   -0.7224339991
   -0.6852166687
   -0.6587733440
   -0.6151160372
   -0.6069106297
   -0.5554825207
   -0.5380893976
   -0.5261896666
   -0.4806394555
   -0.4612206163
   -0.4009492266
   -0.3933797731
   -0.3746021182
   -0.3621186734
   -0.3245980425
   -0.3124170488
   -0.2879969278
   -0.2122181916
   -0.1799911248
   -0.1691328618
   -0.1528900027
   -0.1315494739
   -0.0916241967
   -0.0669378913
   -0.0263898112
    0.0336616392
    0.0528902417
    0.0592148149
    0.0904221380
    0.1118822447
    0.1456148913
    0.1751764807
    0.2141767705
    0.2329556163
    0.2843725697
    0.3039619278
    0.3380370121
    0.3677340319
    0.3909737252
    0.4268376429
    0.4472951520
    0.4882573036
    0.5006627738
    0.5095340627
    0.5736406575
    0.6008113765
    0.6210938305
    0.6249458796
    0.6838150851
    0.7087697198
    0.7215475880
    0.7364150647
    0.7613346421
    0.7640776196
    0.7712459486
    0.8153491517
    0.8260363100
    0.8356435698
    0.8594054816
    0.8722078689
    0.8783773361
    0.9079208906
    0.9126874002
    0.9177104330
    0.9212421836
    0.9341330323
    0.9469899414
    0.9676614914
    1.0041532277
    1.0112890231
    1.0444194914
    1.0723131618
    1.1088218029
    1.1194838261
    1.1488219151
