5.510099637
5.453789545
5.596322083
7.907387458
6.054193141
5.51762336
6.640973571
10.1865415
13.6765849
6.983534964
10.07874425
17.76650218
13.47226059
22.1556469
7.439968069
22.23589382
17.61591607
14.29492943
24.40466855
19.56469048
28.08796584
22.71864378
28.28128472
23.90649986
31.83924406
41.21704853
28.78549241
20.22227438
22.52007173
31.96546352
12.68575453
20.12056255
17.00749435
20.60517647
42.48002766
26.42134083
24.56174352
25.6583441
46.38188191
39.99731482
47.76082234
43.63188227
35.27182285
33.81868784
45.51970617
22.82503863
34.01809812
43.61171803
33.95694442
34.88851311
16.87556408
32.2925293
33.41391652
21.93738867
29.26232343
23.4548074
26.79476434
20.44058858
31.39706825
29.70034914
23.52243348
12.06322761
17.90290147
28.08419973
28.14906976
44.03649879
47.11105488
27.7773505
23.19743873
13.86204112
15.04374285
35.33762268
18.05749835
26.30125091
18.46178502
19.27102842
18.78921379
17.51359116
23.91006351
23.42902291
7.69325673
20.05575224
17.39941375
14.87066328
17.05936401
13.97441581
5.85759147
12.62596646
11.7254986
5.518905415
10.1519947
10.00392774
6.429235799
4.639560287
5.008163007
8.758395735
4.471202723
6.72328071
3.854000017
6.184901138
