   -1.1854026799
   -1.1671219193
   -1.1480133074
   -1.1435911586
   -1.0840746858
   -1.0791903780
   -1.0583408002
   -1.0567100413
   -1.0427480413
   -0.9943992917
   -0.9797558751
   -0.9692676532
   -0.9676345065
   -0.9601383227
   -0.9364587889
   -0.9052847525
   -0.9013155647
   -0.8980767364
   -0.8555977167
   -0.8477979431
   -0.8354568027
   -0.7984892741
   -0.7816151065
   -0.7320218730
   -0.7227995624
   -0.7009560028
   -0.6695563643
   -0.6557540255
   -0.6292161206
   -0.6167803613
   -0.5851358390
   -0.5612810884
   -0.5378879319
   -0.5023071714
   -0.4834366049
   -0.4448400898
   -0.4341238038
   -0.4103170208
   -0.3817094199
   -0.3024733646
   -0.2820951801
   -0.2520165415
   -0.2450654762
   -0.2049782457
   -0.1856392574
   -0.1373420706
   -0.1071468672
   -0.0631281554
   -0.0492089717
    0.0062139615
    0.0170081230
    0.0501278507
    0.0884940288
    0.1198621380
    0.1344796998
    0.1793086633
    0.1980894942
    0.2440334664
    0.2458162690
    0.2954958674
    0.2987854560
    0.3315896250
    0.3938876470
    0.4237775748
    0.4408789785
    0.4651118138
    0.5257047571
    0.5458343398
    0.5678589765
    0.5947383227
    0.6305406299
    0.6462975041
    0.6604750266
    0.6994275365
    0.7281697821
    0.7480820066
    0.7667601725
    0.7805962575
    0.7974317294
    0.8628987009
    0.8672745925
    0.8886054902
    0.8952998776
    0.9160753002
    0.9346950298
    0.9443299114
    0.9607156876
    0.9729256159
    0.9751367796
    0.9893538689
    1.0027386435
    1.0138471835
    1.0389287673
    1.0489723844
    1.0624880343
    1.0756449990
    1.0825186881
    1.1040837669
    1.1202996623
    1.1876775880
