4.664679261
5.941706704
13.83657985
8.406014581
6.548547622
6.384489004
5.851287523
8.863532146
7.183865205
8.386137467
9.006769815
10.07088281
7.785475139
15.31182484
14.28291627
14.28621088
12.33880849
23.5497959
21.68511225
11.80689803
21.98439571
32.42776108
33.19144208
31.64633074
31.34282691
36.66232616
37.84878689
21.74520952
28.80129616
23.69631182
15.63908279
11.86055839
18.77558693
23.24188783
13.6587393
39.97253971
37.91349913
47.5542616
16.68117302
39.76778975
44.21627074
45.41760079
22.97259939
31.30355044
23.8702422
41.0378498
52.8743073
53.83135274
15.92144553
12.53904016
24.09732623
18.74251595
49.74280878
51.77684663
51.83134072
45.87280271
43.69444468
47.19007412
32.986719
28.25451238
42.3875893
49.82527746
44.63710641
42.96459253
43.37486005
35.70101946
30.96032633
41.09359095
16.9125605
30.89434816
27.48212493
27.87624346
52.55956294
45.09170992
43.99087852
39.46325409
24.11044455
38.62693878
28.06785031
19.45612346
22.53806076
18.4039994
8.965839835
10.39197224
8.449719819
15.20833285
8.910433367
12.12516665
18.41415408
5.341449916
10.14053664
8.58490574
11.20736823
6.000632738
17.82396715
21.41653114
9.180389911
12.85622073
8.906975327
4.895126384
