   -1.0891933690
   -1.0746348792
   -1.0499748917
   -1.0412074156
   -1.0343041188
   -1.0288611032
   -1.0151689818
   -0.9983323799
   -0.9607543924
   -0.9532610819
   -0.9145391252
   -0.9139248603
   -0.9105471842
   -0.9031360083
   -0.8965525813
   -0.8619285635
   -0.8198886551
   -0.8191756961
   -0.8075984771
   -0.7846451427
   -0.7519556072
   -0.7338980406
   -0.7136268958
   -0.7058569786
   -0.6945927814
   -0.6785144688
   -0.6618361136
   -0.6191246866
   -0.6083530919
   -0.5956792324
   -0.5361776123
   -0.5014861874
   -0.4956597935
   -0.4737620085
   -0.4464221760
   -0.4136465829
   -0.3885557619
   -0.3688637205
   -0.3482624357
   -0.3157748491
   -0.3021947730
   -0.2713532149
   -0.2322151998
   -0.2089266063
   -0.1870032890
   -0.1458890207
   -0.1222854011
   -0.0689782233
   -0.0596758233
   -0.0423049877
    0.0043256896
    0.0281058548
    0.0908635284
    0.1132607992
    0.1490810649
    0.1690812495
    0.1751037113
    0.2379444188
    0.2647526165
    0.2881709375
    0.3505361057
    0.3584320778
    0.3761816108
    0.4084948220
    0.4292267517
    0.4898163496
    0.5023844953
    0.5227359296
    0.5313630670
    0.5612146820
    0.6034099706
    0.6181648622
    0.6406226434
    0.6707771762
    0.6870355042
    0.7056208905
    0.7343816659
    0.7408681716
    0.7565533519
    0.7692341153
    0.8005459703
    0.8113707684
    0.8325530144
    0.8529053308
    0.8653237603
    0.8707594725
    0.8741857695
    0.8892894344
    0.9277906759
    0.9292745289
    0.9578220108
    0.9628087547
    0.9856159828
    0.9880778284
    1.0100344451
    1.0136728101
    1.0253399646
    1.0725035948
    1.1199893083
    1.2043020060
