8.258240048
4.713766069
6.123131844
5.933569231
13.1486933
8.933974401
4.976204741
9.850873525
3.538477606
9.150520793
8.914200487
12.17136055
16.15928611
8.796315386
11.61217383
20.46992042
26.06379099
13.46440547
21.75419326
12.17765215
17.29487069
20.10716898
16.58496302
17.8053893
22.14103699
18.45763942
27.00123581
35.09071448
41.73317752
43.12482395
29.79114085
45.1973783
37.58341056
43.2689418
46.47641949
32.58402267
31.67057763
40.70180431
26.66222318
30.65821
38.0271768
29.34578277
44.14585857
38.03585066
31.65349625
19.87915631
33.49021362
22.04858306
29.95331523
45.00972785
53.94026795
51.664052
50.35805893
56.17520306
34.98865306
34.89682644
41.32724679
39.86952084
40.41992635
37.98464361
26.54435179
38.4516538
30.26443049
21.28109181
36.65741647
32.10337475
11.70759644
29.03930065
21.82074739
15.84188239
26.27834725
27.41045226
13.88206434
30.6140141
32.41616363
14.31307011
12.2939258
16.86844426
11.54179559
23.14314301
32.14712967
23.90804471
11.22580508
19.69765454
10.45386549
16.64808466
22.28986687
12.85105566
12.34690974
18.00048253
12.23792691
10.69840319
8.800118513
8.806485045
8.842946071
7.721372452
12.91245322
6.829610103
6.91118775
6.208825044
