   -1.2472829889
   -1.1927750784
   -1.1500492736
   -1.1268535528
   -1.0901512117
   -1.0819667139
   -1.0536054088
   -1.0381673661
   -1.0292695240
   -1.0269076501
   -1.0017895806
   -0.9770487909
   -0.9747812409
   -0.9615212842
   -0.9187426078
   -0.9148899620
   -0.8870302725
   -0.8569533008
   -0.8294000253
   -0.8276618495
   -0.8151719408
   -0.7490468898
   -0.7449590145
   -0.7305189557
   -0.7207710239
   -0.7140179547
   -0.6790339149
   -0.6339107585
   -0.6097337386
   -0.5797578257
   -0.5598785315
   -0.5496782203
   -0.5414122171
   -0.5026067143
   -0.4482857010
   -0.4427563748
   -0.3981530997
   -0.3528122837
   -0.3438066190
   -0.3103637427
   -0.2747109266
   -0.2497677409
   -0.2238078782
   -0.1803477404
   -0.1542941267
   -0.1269926500
   -0.1085369689
   -0.0649776553
   -0.0516198336
   -0.0124465199
    0.0180061323
    0.0639342806
    0.0935641170
    0.1311205440
    0.1405202301
    0.1817017173
    0.2173395935
    0.2317657704
    0.2647043415
    0.2948107388
    0.3348164828
    0.3760791293
    0.3841624021
    0.4566760005
    0.4582311749
    0.5001573030
    0.5276502661
    0.5545152766
    0.5655932915
    0.6159925026
    0.6222400984
    0.6494314164
    0.6606807249
    0.6934849921
    0.7090115009
    0.7365034384
    0.7689281254
    0.7853465721
    0.7960574096
    0.8066114345
    0.8273708744
    0.8464885301
    0.8652453908
    0.8962425648
    0.9033856723
    0.9212638605
    0.9456930277
    0.9500139112
    0.9648594403
    0.9832237950
    0.9912437963
    0.9984785177
    1.0117715473
    1.0159009949
    1.0453866750
    1.0466463546
    1.0786636814
    1.1676746812
    1.1733625091
    1.2508731578
