   -1.1845332891
   -1.1370060539
   -1.1361344339
   -1.1092394449
   -1.1074318988
   -1.0771625930
   -1.0473675340
   -1.0049324392
   -1.0010484400
   -0.9955445766
   -0.9852078973
   -0.9561107209
   -0.9402600879
   -0.9098872641
   -0.9088016343
   -0.8863659300
   -0.8600364400
   -0.8558320126
   -0.8530597627
   -0.7855216507
   -0.7759334711
   -0.7644483621
   -0.7447494259
   -0.7244218334
   -0.7081901775
   -0.7011201972
   -0.6863747418
   -0.6296689169
   -0.5706238972
   -0.5609401717
   -0.5568086613
   -0.5362042110
   -0.5174754640
   -0.5033509517
   -0.4657516522
   -0.4331433033
   -0.3549000540
   -0.3252372905
   -0.3034925944
   -0.2840375161
   -0.2674586495
   -0.2384744016
   -0.2320137894
   -0.2012899642
   -0.1761431734
   -0.0924133191
   -0.0751699699
   -0.0460489574
   -0.0151011084
    0.0228743475
    0.0250304470
    0.0655392035
    0.0733308189
    0.1280306207
    0.1399897630
    0.2103879108
    0.2419194862
    0.2582374835
    0.2785444550
    0.3062814429
    0.3541554946
    0.3779821379
    0.3927442606
    0.4259075933
    0.4494541754
    0.5048999201
    0.5218844306
    0.5385899621
    0.5557321846
    0.6019458951
    0.6237490696
    0.6476600813
    0.6563227750
    0.6842228675
    0.6928608729
    0.7072832394
    0.7372721196
    0.7596542909
    0.8100143172
    0.8308108433
    0.8347133988
    0.8451950625
    0.8742386470
    0.8842578452
    0.8934783848
    0.9106117567
    0.9330873654
    0.9385876419
    0.9565527853
    0.9759642532
    1.0142884938
    1.0365053052
    1.0400849173
    1.0486678489
    1.0756319831
    1.0835681907
    1.1397306249
    1.1658991766
    1.1910907621
    1.2613728663
