   -1.1722544015
   -1.1375097984
   -1.0710197656
   -1.0549843543
   -1.0255948422
   -1.0188894423
   -1.0160947564
   -1.0120800856
   -0.9653185366
   -0.9645354116
   -0.9548623443
   -0.9329780529
   -0.9254812711
   -0.9156253298
   -0.9126330245
   -0.9027941911
   -0.8781846232
   -0.8325386114
   -0.8301237268
   -0.8079414077
   -0.7940045714
   -0.7604962895
   -0.7456051150
   -0.7276239249
   -0.7203226832
   -0.6921965644
   -0.6784769785
   -0.6073661133
   -0.5872437163
   -0.5796006686
   -0.5540696981
   -0.5281138137
   -0.5170592016
   -0.4796944739
   -0.4503682904
   -0.4347536664
   -0.4218388753
   -0.3845699749
   -0.3535989966
   -0.3274566538
   -0.2797264894
   -0.2679599070
   -0.2273883625
   -0.1773624480
   -0.1681463924
   -0.1511762495
   -0.1195255735
   -0.0887900764
   -0.0336243371
   -0.0186840904
    0.0174180581
    0.0566701064
    0.0600585628
    0.1200487232
    0.1420792764
    0.1718111761
    0.1958221728
    0.2355390861
    0.2753607667
    0.3071204211
    0.3152150891
    0.3448726382
    0.3624986645
    0.3818225695
    0.4188757211
    0.4494477858
    0.4710078596
    0.5119941268
    0.5185274838
    0.5293876751
    0.6005089962
    0.6066339641
    0.6444120485
    0.6545384675
    0.6754767255
    0.7020459420
    0.7309351984
    0.7400998199
    0.7612051988
    0.7693640137
    0.8158480019
    0.8231227509
    0.8307286056
    0.8397550033
    0.8584467929
    0.8785198628
    0.9127448857
    0.9149332299
    0.9175234940
    0.9180972024
    0.9336902417
    0.9963947915
    1.0012493600
    1.0080281110
    1.0269766482
    1.0360837193
    1.0413782499
    1.0430601618
    1.0621813704
    1.1394816393
