5.426772701
7.072461385
8.931053628
5.322763832
7.656899213
11.23351109
8.075359024
11.68081665
10.37385313
9.242691015
18.90584238
18.15811188
8.074994097
22.93197295
9.794732211
15.56641848
11.92226629
12.1819303
23.87929559
32.275768
25.20390574
27.40034016
29.68348887
39.78252328
33.49756287
48.50641807
30.0006106
21.32569309
16.06203663
24.78238109
35.21048057
31.50574857
21.85637265
29.1906605
26.96483906
24.41639892
33.54601717
24.57580969
27.77323556
23.08377023
16.18735572
27.97684286
22.64522747
28.06433655
26.05468405
37.59585866
18.72980464
39.25026317
37.57291476
27.73075619
32.37025812
37.00398311
38.12604905
28.32421076
34.95153663
42.25325699
36.7505738
40.27160247
21.53325458
25.55064777
19.01593983
23.64409215
27.13685815
26.97916036
15.39186748
25.13247857
42.59950825
36.6724737
35.01327846
36.15175915
24.30708129
34.05329078
32.17398197
43.08531398
25.2177076
13.08159639
8.182643391
22.78951077
21.67347247
19.76630376
17.84820162
7.047945585
5.836617637
7.309270537
23.64161105
20.17572647
11.28008366
13.78329496
11.58664188
19.69507892
12.12345564
8.875046053
4.753465666
10.98405081
5.771234122
3.983035253
8.436735971
6.799606084
7.139840166
4.340058695
