5.087232875
6.048360761
12.18187849
11.48687725
6.138392502
5.606473772
8.077302787
7.698736675
5.929069254
9.264523831
8.229589684
25.79833346
29.45395868
30.18980599
14.94362506
12.92529382
13.53563648
13.86760965
17.15569782
17.36184682
12.63432563
15.50161189
21.1268076
9.934082031
10.84932815
21.17143461
24.04091847
9.50330129
9.379171567
20.1442957
12.03048116
30.15549159
25.49257336
21.68967259
9.651151665
41.29019228
28.16899418
39.21251707
23.24934427
34.51655004
29.1775811
35.16721698
13.24822267
31.699822
30.44030105
28.94190322
36.3317203
35.8532145
34.31918922
6.85923614
22.66028726
33.30998566
12.10778814
40.6505046
49.17183052
15.6368563
28.47308623
34.78174144
21.710914
21.9437166
26.85565453
33.35686248
33.17098159
12.79164523
20.59626468
14.20180588
28.76324073
22.64042587
12.06651693
22.63799238
8.865549543
22.02810618
30.9537258
10.42712928
21.50518764
23.96356526
14.23400395
13.10044252
18.75429521
19.19172494
14.58731035
16.17723689
18.40996685
16.26902799
15.36578232
14.85657453
30.2975834
25.21406689
23.30965106
9.935024231
11.28460816
12.82771502
11.61913496
9.564227215
11.39782879
6.283417245
8.339619538
8.410927309
5.93104021
5.260010723
