   -1.1197918350
   -1.0865209251
   -1.0698003422
   -1.0456373863
   -1.0410780111
   -1.0325260133
   -0.9969626898
   -0.9892698197
   -0.9798314337
   -0.9597815564
   -0.9555972876
   -0.9332221445
   -0.9260451985
   -0.8834978262
   -0.8631423843
   -0.8559968735
   -0.8536047015
   -0.8509897398
   -0.8098361434
   -0.7953926347
   -0.7811414357
   -0.7605175547
   -0.7533062869
   -0.7400194367
   -0.6854504974
   -0.6399189515
   -0.6312584686
   -0.6221796234
   -0.5767237369
   -0.5624099091
   -0.5492357251
   -0.5039816919
   -0.4780124805
   -0.4650431696
   -0.4431439156
   -0.4155048794
   -0.4075670620
   -0.3679749011
   -0.3491996890
   -0.3185147914
   -0.2826846459
   -0.2676357998
   -0.2156766079
   -0.1521523527
   -0.1425342891
   -0.1288529318
   -0.0776995826
   -0.0667685405
   -0.0309839082
    0.0231107765
    0.0270221729
    0.0615043069
    0.0878522960
    0.1284871611
    0.1346338380
    0.1617482526
    0.1960296283
    0.2181339329
    0.2627978117
    0.2744805578
    0.3386868689
    0.3643674788
    0.4060257499
    0.4266530499
    0.4375613802
    0.4764994769
    0.5049502111
    0.5344526048
    0.5582780598
    0.5759463722
    0.5906018714
    0.6089567187
    0.6401357437
    0.6540751053
    0.6756496373
    0.6981447934
    0.7147467207
    0.7277567309
    0.7633286162
    0.7892730908
    0.8003366546
    0.8158833784
    0.8453400594
    0.8664967971
    0.8762624939
    0.9433200727
    0.9483773629
    0.9588969507
    0.9616623847
    0.9792674707
    0.9850986738
    1.0202558221
    1.0252720981
    1.0284365298
    1.0599110174
    1.1057948807
    1.1370754366
    1.1454386573
    1.1497881108
    1.1845498530
