   18.0970823436      32.2629499142
  856.9726420791      36.3225124832
  302.8044609122      43.6904485548
  624.8776766424      42.4192164936
  432.7047543669      27.2467226671
  723.4420975724      45.8058780234
  174.6416929770      39.3771597585
  301.2837946367      52.2137447056
  585.1696772477      71.8502263375
  829.6004954574      71.1663678217
   72.4398832696      85.2189693674
  513.8562245991      45.9920186256
   45.3652498258     128.4130055965
  906.6346289598     214.2135244572
  756.6020664123     211.4011641375
  387.5033986944      44.8117450729
   89.8279656791     262.4434708950
  790.4685814950     311.0748049885
  891.0147041260     297.9177143432
  427.6064486063      82.8036259233
   90.9257717666     338.9599745608
  821.8649740517     356.0181182882
  824.1402292022     464.4360967990
  900.3432438695     482.7448541579
  582.5468750239     313.3816187550
   25.6102666675     355.3523719626
  194.3870804854     304.8321750084
  155.8836851786     390.0439401405
  519.8994311700     451.1436503345
  119.8751298872     584.8738480536
  920.9972292059     405.3778886056
  566.6329754013     302.6560984789
  162.0829163080     340.1846383848
  868.9026294644     398.2838110726
  640.0997146076     488.3341534439
  702.1406605773     551.4069583733
  423.4626444240     340.8379121917
  122.8209235920     424.2142132353
  634.3779494763     553.5850066162
  672.9857724127     413.1938615109
  847.1419633083     544.3237946515
  857.3608252347     581.4190283519
  685.2798661319     509.2675674120
  344.2459113011     389.3201653978
  819.6082405387     441.6583271429
  367.7071217330     338.6559243625
  691.0791212888     417.9112974836
  609.9883450931     386.6999286540
   38.6966636221     433.3154991400
  762.3259089878     484.2290630439
  130.5988051087     395.3176112845
  233.2500919206     323.3919975717
  734.6802675082     331.6384959061
  164.3278707603     342.6029285597
  633.9341548649     423.9702349841
  798.3014593569     279.0625896622
  364.4031880067     436.4806516993
  421.2049198980     419.8192951121
  113.9907519022     492.7373825713
  574.8511039579     568.4322301292
  673.7967347300     403.3433596715
   29.1962572582     419.2013186918
  699.7407366305     437.9095929045
  901.1874926582     437.0362198514
  704.7714335013     405.4306830594
  810.5424012750     365.2237446269
  340.8320627355     321.8371610398
  512.9036861654     402.6858332734
  757.3879564044     471.7828490666
   46.0077334745     434.5438268240
  298.9468655982     266.6227912510
  548.7742065355     221.6239581282
   63.0836362631     210.9197428643
  784.2240587207     174.0229608317
  283.3865802822     249.6657163097
  338.0168806388     279.1491461569
  935.1434130753     235.9821471042
  388.5121822213     131.8791111294
  757.7554542744     122.6349438322
  142.1874145492     158.2652900818
  535.8975034661      97.1373392392
   94.2516781194     193.1040584938
  930.9150358242     153.3976905040
  539.6820497682     113.5829396900
  299.2323694734      64.6745352992
  649.6131310571     125.8172485471
  435.4222971064      57.6935157331
  142.5597800081     102.7976845757
  662.7378557888      93.2481935448
   69.4533258217     105.9291802963
  861.1827532073     125.1196545609
  917.8106922996     161.2205183355
  611.0865169683      82.3065818352
  900.6514692009     109.3613123288
  374.5890255200      43.2219135491
   81.1493614412      94.7857612581
  317.3896578873      43.3505401866
   10.5986605714      75.2798032844
  752.1685247343      31.0239565992
  605.2448681302      52.0796557750
