   -1.2632946294
   -1.1903957039
   -1.1698575363
   -1.1371139800
   -1.1087668146
   -1.0968270871
   -1.0867483567
   -1.0353015277
   -1.0193362055
   -0.9943403949
   -0.9560103918
   -0.9413851416
   -0.9357920647
   -0.9104019383
   -0.9023768869
   -0.8874020763
   -0.8676792849
   -0.8596504639
   -0.8045702675
   -0.7934545279
   -0.7697922082
   -0.7633113166
   -0.7408180000
   -0.7327710699
   -0.7153853779
   -0.6840218957
   -0.6367744207
   -0.6173563991
   -0.6030884897
   -0.5732668137
   -0.5624400635
   -0.5301806435
   -0.5065074603
   -0.4925229592
   -0.4635850722
   -0.4448163438
   -0.4100571978
   -0.3609550050
   -0.3349698843
   -0.3187844765
   -0.3006328393
   -0.2449039443
   -0.2208534712
   -0.1767423422
   -0.1526302617
   -0.1229945098
   -0.1027480779
   -0.0654043015
   -0.0530909028
   -0.0086079360
   -0.0045104230
    0.0125624614
    0.0920894151
    0.1092806584
    0.1727914238
    0.1870165201
    0.1997330491
    0.2541949437
    0.2675571500
    0.3069728371
    0.3206172008
    0.3358950592
    0.4072041749
    0.4224266496
    0.4399227791
    0.4651448810
    0.4829890621
    0.4972305034
    0.5406967625
    0.5618589422
    0.6060921136
    0.6200418168
    0.6621735417
    0.6737510822
    0.6919776638
    0.7004342782
    0.7326159973
    0.7402298165
    0.7607900545
    0.7999084571
    0.8003721041
    0.8198111480
    0.8314383260
    0.8472947378
    0.8575005428
    0.8621483922
    0.8944011270
    0.9353272812
    0.9608465483
    0.9735585531
    0.9886878008
    0.9898514476
    0.9937492068
    0.9963756040
    1.0192336198
    1.0472508145
    1.1381234197
    1.1460036930
    1.1601979239
    1.1872165517
