   -1.0615606602
   -1.0541495568
   -1.0531663653
   -1.0433651062
   -1.0367222371
   -1.0133293196
   -0.9952904814
   -0.9913227515
   -0.9534506538
   -0.9480708417
   -0.9459789595
   -0.9274621997
   -0.9221114071
   -0.9106705169
   -0.8883544079
   -0.8845604304
   -0.8420084373
   -0.8306477191
   -0.8251017078
   -0.8232274156
   -0.7863484332
   -0.7786642631
   -0.7379378050
   -0.7283031711
   -0.7096407665
   -0.6835591392
   -0.6550615786
   -0.6259667368
   -0.6051133710
   -0.5839220317
   -0.5601569138
   -0.5302756269
   -0.4850853145
   -0.4779261079
   -0.4386419634
   -0.3857477066
   -0.3792371491
   -0.3488949175
   -0.2955385346
   -0.2785398259
   -0.2618155930
   -0.2303705501
   -0.2170139179
   -0.1748231851
   -0.1565805928
   -0.1276457054
   -0.1115880014
   -0.0579185296
   -0.0298333377
   -0.0037541783
    0.0169885260
    0.0404262148
    0.0977267967
    0.1321104771
    0.1463387565
    0.1747157711
    0.2153688507
    0.2374896674
    0.2719548326
    0.2937416226
    0.3169754599
    0.3391059199
    0.3603099124
    0.3900850225
    0.4130131167
    0.4240347415
    0.4480591824
    0.5188288684
    0.5350173153
    0.5503168865
    0.6205200237
    0.6296163048
    0.6610303618
    0.6833344660
    0.7051412396
    0.7145701417
    0.7252132540
    0.7674084103
    0.7758935435
    0.7916585951
    0.8288844764
    0.8327136542
    0.8445199633
    0.8638563243
    0.8959217299
    0.9209736262
    0.9372799537
    0.9417289402
    0.9587112920
    0.9771639038
    0.9962386328
    0.9992699501
    1.0140692042
    1.0260840706
    1.0365779769
    1.0409362923
    1.0665044126
    1.0690710020
    1.0692606460
    1.1329454707
