  281.1915385186      33.2493143542
  725.2539916444      36.9961218124
   69.0400433973      34.9653521265
  676.8313827976      58.0389117174
  218.2694577868      46.0928562036
  935.4949989967      36.0155610657
  555.2415489738      44.4201771012
  814.7476851948      74.7913873550
  675.0066413698     139.6650953698
   45.0992087108      71.8760046332
  286.1833614607      92.6325261159
  773.9363545921     212.9450002817
  479.4438908210     213.3607902039
  585.3688681758     258.5776046234
  956.5340707792     148.1971909426
  264.4051527099     223.2357022568
  400.4905882454     278.8509858344
  840.1232094523     210.4157412513
  377.7191295890     292.0030179080
  565.9735565998     316.9339009682
  286.5799148389     281.1289955038
  812.4070581395     215.2707477032
  221.7214514711     277.5043903774
  978.3263953850     341.9598299320
  422.9679784871     453.4138027316
  312.1823596772     510.7545628714
  544.1243287916     346.3333289419
  372.2654979892     264.4880286258
  919.0668525294     298.9913759016
  854.6884112474     320.9352256146
  501.0068730568     182.1344101009
  810.8954596948     248.3357614375
   90.7338417201     232.0406467286
  219.1676445945     195.9897499855
  157.4525668795     426.8466741097
   77.8616201400     475.8704606602
  424.7723140858     369.7785195883
  434.8474851179     306.4506794339
   12.9371588744     468.3201657936
  547.7721509383     521.0631875914
   99.8392602066     460.8136326451
  240.4514506534     589.4523681735
  785.5254628342     389.2033805693
  114.7193920680     359.1000803493
  365.9314313722     421.8453164926
  555.5037421556     361.8630033720
  273.2966576441     402.7478395173
  175.8363657266     442.8069785961
  846.2041939931     437.5824042550
  923.0843394544     380.0588905071
  417.3992122698     225.5260481048
  897.9677542393     378.9393454470
  922.7476214522     365.9939940031
  482.9458904878     264.1503196619
  499.1481318341     361.4358093387
  891.1005081713     342.6334620225
  769.2888746457     283.1993266469
  421.0304881060     238.3233303370
  862.2917889049     352.6985950341
  887.9555064064     311.5262407260
  343.1249049071     211.3374993829
  638.7547346661     199.4139074914
  254.9040837542     229.4917408856
  909.0126858233     300.9032443909
  391.9966419712     373.4981513865
  764.9841115898     490.0158043368
   38.0924286837     446.7225087150
  128.5588383694     319.3516084335
  815.0657015663     205.4284708480
  434.7444807678     182.6223478781
  202.2417154350     238.2496056644
  634.2518569008     369.3760173146
  591.9016169961     386.2387824244
  725.0005067549     259.9891799882
  318.8394532805     192.7837637231
  852.1575160763     215.9264922712
  207.9929005155     226.9227903704
  717.7727092127     334.7384182306
  877.8343931621     385.6514486130
  208.7070809534     306.8412053040
  442.8710501098     171.2903581247
  754.4580124873     202.5098337560
  699.0708812668     162.1262410209
  246.2971699119     140.0158757382
   27.2897487352     171.4213101180
    8.8031233809     221.6299320739
  394.1513262920     157.0472111987
  621.2724565771     107.8411879094
   92.6411904540     111.0367803912
  559.3077331063      79.7789544123
  638.7098211374      68.0274361761
  282.7752015231      98.6822501469
   28.5956974637      72.8708181814
  430.1715777611      31.8664214059
  737.2688212188      40.6291017974
  240.9612253121      76.6988232570
  818.8334766568      34.7392891269
   56.1837401144      39.0583491454
  883.6278138936      23.9124224606
  278.9454864739      37.0668530049
