   -1.2191507788
   -1.1464531625
   -1.1037077683
   -1.0877000707
   -1.0820373844
   -1.0657619923
   -1.0620267840
   -1.0201742465
   -1.0193900472
   -1.0090385628
   -0.9755974814
   -0.9696978059
   -0.9637183346
   -0.9545043927
   -0.9330300288
   -0.8993595781
   -0.8892093436
   -0.8813444694
   -0.8696672100
   -0.8511773412
   -0.7892723835
   -0.7757508716
   -0.7691571973
   -0.7500901062
   -0.7234335622
   -0.7070621252
   -0.6861330834
   -0.6707097656
   -0.6307068805
   -0.6149207271
   -0.5830249816
   -0.5666771563
   -0.5334405223
   -0.5008332998
   -0.4817855661
   -0.4605237454
   -0.4418992711
   -0.4176227723
   -0.3632047627
   -0.3243022410
   -0.3036482816
   -0.2770287953
   -0.2592666612
   -0.2042960792
   -0.2024103578
   -0.1669833861
   -0.1448170537
   -0.1057932597
   -0.0926801226
   -0.0286731057
   -0.0122520508
    0.0111887695
    0.0343940724
    0.0835484382
    0.1031190340
    0.1416447018
    0.1574956025
    0.1783443599
    0.2234401811
    0.2472486015
    0.2744450889
    0.3331674945
    0.3439140095
    0.3762184117
    0.3914825508
    0.4501663155
    0.4588607186
    0.5147314476
    0.5464374938
    0.5591230731
    0.5748199388
    0.5947172754
    0.6149815364
    0.6305889816
    0.6628046419
    0.6795694266
    0.6948149105
    0.7263283724
    0.7620864982
    0.7901387361
    0.7935965709
    0.8007839538
    0.8285508542
    0.8631047251
    0.8695652292
    0.8784538237
    0.9061492781
    0.9177866475
    0.9267021099
    0.9611432852
    0.9669397048
    0.9952131264
    0.9958983206
    0.9961995806
    1.0012507952
    1.0249817860
    1.0324986689
    1.0626558543
    1.0775704418
    1.1114894199
