   45.7663188957      45.3558519148
  305.2275718749      40.1871917065
  778.2833078178      28.8229738642
  977.1026110364      94.8646924318
  102.3224565899      99.0992303505
  640.6408721176      32.7568852726
  885.3251778613      57.6909832066
  402.2212343269      75.2849435149
  438.7009351544     166.4112729641
  450.6015611107     173.3901400286
  387.7103553176     322.0497547137
  920.3785287633     232.7686157133
  570.0256108728     187.0938301487
  180.8434846695     235.9570450274
  128.6538345984     202.7809020865
  672.0300310635      75.6268161231
  995.7792824590     393.9841491245
  963.5972247764     388.7502404539
  432.9232213987     187.7204824270
  185.8853083099     189.0380503067
  542.5434845820     156.6914091213
  919.0855601683     186.5434018412
  512.0344537884     507.5831060254
  975.1157404463     532.2062093756
  160.3933102730     425.9426853585
  550.7536994344     364.7095216112
  391.1911677961     311.4786006303
  235.6834482154     336.6417927545
  991.9305837693     407.7913057259
  802.1625894847     317.4602828974
  904.2545594027     273.5345988063
  775.9601594271     430.4643535625
  891.0084871664     586.0361342120
  368.9615477351     374.2610156178
  855.2135187056     351.3925659389
  362.4550882511     388.9010035278
  958.0863561801     590.6465889125
  589.4857976308     482.3603718211
  996.8566562935     480.3967403725
  573.8549938087     572.2021576602
  172.1214272493     514.1828533708
  383.5490142877     414.8928057847
  634.1021285643     361.9583054257
  486.4848930347     399.8505280393
   53.9490492726     258.2962146865
  560.1037497738     368.3709779855
  579.6374678785     357.5566673589
   37.9876867699     213.5663142243
  555.8549334335     366.0887677316
  808.0589999371     334.4976479355
  531.1972716155     343.6455067405
  419.9921618576     316.2537477680
  142.5422013583     196.6372806944
  668.5657791584     253.3488842278
  276.9608951775     431.3818555873
   35.7605937202     267.0410295838
  621.5284035093     330.9396403397
  486.3474467923     250.4908392662
  918.1906814937     158.7225187332
  565.1532800984     248.0208864751
   84.7551801307     381.5909946844
  468.1351723675     471.9546176378
  616.5511331141     292.5569149363
  985.9381820020     238.4337981118
  373.9669983770     231.3194092860
  139.9129945111     275.1229450781
  594.5649060272     241.0861803309
  669.7285458144     456.2260601966
  100.4034628784     408.5130387598
  790.7012115899     233.3556434562
  232.7817068555     367.6236031598
  988.6335591584     426.3181018560
   42.9481598408     357.1170663587
  377.0361780674     334.5442444643
  540.5292658213     308.4702711171
   25.7013403031     307.9610784011
  277.3120031052     588.5559534130
  799.4963133400     468.3518611182
  378.6791736785     408.9105831027
  546.8286911260     336.9682645322
  483.5165038350     225.8024321645
  753.3554422711     190.5354185116
  803.4783873067     140.2083065359
  323.3040911991     269.7151716212
   67.4055463562     444.3250088775
  572.4272050308     360.7768883613
  199.7564858566     484.4718873692
   84.9439576890     255.5134952764
  126.9763959288     163.1044975241
  568.8303127712      58.4515738424
   26.1708364058     180.0061522955
  346.0168174165     135.8103994035
   29.2239925299     131.5142977274
  795.7201628880      87.3746217733
  228.3344948352      66.4676227710
  883.0534058542      46.5397562818
  411.9322194624      48.3978548425
  641.7819518791      24.7920174677
  284.9047051576      32.7031904522
   55.5352820058      29.7797078923
