  738.2610177713      31.0398673177
  945.9082436792      31.4867536939
  134.5802880605      57.8348136205
  840.8267049363      53.4417829159
   64.7544632301      87.4932030638
  601.0947737129      49.9926555928
  252.9459783069      37.2439862067
   56.8360965424      92.2176498792
  404.8449159117      28.3004020030
  747.5876202085     194.8359970076
  650.9293948099     208.5505780708
  724.0831743203     148.2153324956
  494.9388313759      97.3266857430
  136.8667115065     140.2443380047
  990.2964595682     247.0120624532
  494.7045262204     170.3776535252
  860.5017010084     324.1597615206
  361.3550144793     194.9973821632
  991.5578836363     207.2440347060
  222.4295429098     175.4700613432
  446.7728385616     111.6407760420
  852.7899838206     226.4108194648
  613.4093735129     188.2390871145
  254.5409386080     125.1712110157
  886.4123173233     184.8492353077
   42.6692631048     248.4244846453
  590.8583930508     174.2857749525
  276.0270760393     229.0707752443
   13.9385809025     373.8077229762
  968.5390504320     371.4904374473
  513.2689042131     171.8431790923
  163.4180131009     278.4616573919
  598.0405622713     459.0279902653
  500.3804184450     488.0366778391
  786.4388142129     435.8020260444
  367.3266885384     529.0885321444
  859.4175102008     467.2071599585
  575.0140756600     341.7011153406
  349.2806853507     356.2073514130
  133.1992811296     317.3498953752
  453.4782261749     347.9179350375
  278.6885874224     316.5447485823
  812.3006476389     183.4436333311
  375.0181658870     283.0535872907
  859.0478909186     388.8616386024
   69.3278042388     476.0884564367
  538.8910181512     514.3185999223
  513.8849229225     535.3780425957
  376.7928428440     288.8364198191
  801.9412503942     461.9657390058
  915.2736093289     524.1329819633
  884.0921870187     352.9136625594
  399.8968122952     326.1219724624
  617.3937171908     359.2775020651
  130.0710944045     424.6164554722
  984.4041005439     447.1218443653
  211.6032623097     382.8658712154
  449.8524271343     337.8651994232
  425.3223970827     318.8575629450
  935.4798851845     322.3528746727
  992.5387288541     266.0907568326
  362.7314736101     247.4994889329
  183.0895161370     324.0880120947
  508.9629221082     216.1007515983
  956.1026252901     328.2994693991
  804.7868751319     344.4762273174
  944.2142345890     345.4807440808
  456.9367210394     282.9611229565
  473.2357214769     396.9004702490
  137.0909909470     343.5032241282
  546.3404970165     395.3214989874
  862.6724258090     427.4848620086
  889.4969646230     353.8574066509
  493.1566862494     280.8448643009
  186.5395318231     172.5889412397
  543.5428400534     199.8269890077
  904.5844701299     196.1573789159
  334.0839633412     152.2607921275
  291.3544528295     114.0340312772
  799.3472794172     233.1121213587
  970.4755315871     230.1243137328
  604.2472124429     150.4313669452
  527.0126247577     100.9802143375
  272.3343600612      48.7744871822
  990.7797358150     108.1148901227
  115.4481709641      94.8030601644
  477.3185822692      43.6247256752
  771.1086863857     157.5751122423
  384.0801003132      41.2584108426
  767.2153756261     170.6708897410
   86.0009510259      97.8493370712
  949.1270522128      58.6184562950
  618.1479659452      63.2055501026
  323.8259289500      30.9058852231
  800.6445863889     116.9296366858
  782.6716380524      98.3531531644
  161.0805050876      33.4483463419
   29.1687795892      33.8155158752
  595.6308364229      37.8560838933
  808.4072563523      49.8869567357
