4.801133024
4.389468343
4.240613074
7.315167648
5.809662535
9.248437634
3.812934758
5.300989286
20.13341306
17.86932225
17.44111253
11.14029374
11.24167706
12.89395965
12.26626347
16.8275357
12.93747095
10.54143925
15.92488985
15.80624048
20.77908724
12.78283637
25.77583787
10.93760217
25.33131005
9.198723011
20.59016617
29.04171353
31.91443304
32.08264271
24.87114196
38.40888268
28.2810791
24.1038064
44.00433783
24.42335868
40.62454596
42.37125851
29.96397813
26.208221
32.81477274
34.96459441
40.05481557
46.79709026
44.21595186
45.99870957
48.68373057
45.71284993
51.4376134
33.83877585
62.08836129
52.87495625
27.95632526
36.82474233
29.34331233
37.58048351
39.86712217
40.74981508
26.72160918
25.97275383
25.15344352
16.88091074
31.89716125
10.87422069
28.05643463
23.54314438
29.79809278
26.79285078
37.33417563
36.38945688
13.03219729
25.78532362
49.42845103
45.44722282
23.04297872
9.888512382
32.25655166
23.82712883
20.74550632
13.11105707
26.26693789
15.17181671
12.53457076
13.68250609
25.67039049
16.97984324
21.02501946
22.45291566
6.054509886
8.005061462
7.652379141
14.53442927
18.7228967
10.6916105
11.3870666
7.709515835
6.116219191
6.524359559
4.685799636
6.197908522
