8.519141772
8.272873471
7.914659848
8.641113064
4.616864491
14.49094311
10.21840622
6.576164611
8.918287367
5.187156756
11.88251375
13.57089513
7.954597169
17.37545636
13.61630273
11.47125027
19.93547111
27.35579844
10.46345299
12.08576649
6.577724126
5.810336947
18.46079575
16.14408018
16.79867093
9.652193949
20.16183895
19.09850882
30.67567915
22.10850732
33.66526768
35.46363991
16.5936144
26.7775185
22.47988809
19.6714343
39.05980035
30.57852116
39.0697436
40.2618389
19.90004892
25.37872432
38.02362377
13.76542198
45.4932687
36.58804378
28.51326107
43.1007788
16.21988237
33.6818976
30.53129691
34.74037592
28.44001438
43.66444186
24.9583072
28.32099976
14.27473951
29.74998167
27.85534106
20.53095412
23.32881554
24.59440841
33.99851568
20.23190985
23.23167131
9.332074358
33.30286667
28.32604447
24.49400741
48.66322791
31.0459271
32.94433019
26.45624359
26.11674153
14.13218849
11.04232086
14.69832156
8.920464375
14.17215287
11.88476502
8.399868227
27.15963734
26.85017547
24.03191493
6.62931959
10.80978472
20.23740583
15.10394872
20.57830176
5.871382214
11.0999451
7.573091602
15.06601147
11.87492321
9.86006263
4.299645591
7.383268022
11.4905136
11.58505823
4.021667681
