  915.3632315740      52.0560356518
  864.1474678036      87.4535417712
  420.7938144085      58.5719014893
  165.1277732764      51.3231935475
  497.3504408735      54.2239313546
  863.9971053026     170.5566948637
  832.0443091688     164.4553583973
  602.1324780532      52.5968898114
  258.2928797663     111.8331986358
   55.7248087964     119.8464958710
  651.2812431757      90.2886211614
  177.7705803078     122.4125076606
  399.2823171103      68.2475211000
  903.6390186183     189.7610466832
  704.3842228119     174.5896492460
  126.7944772450     163.5025513673
  674.1230744310     683.3028025946
  107.0303574609     387.0291231542
  740.7299598420     213.5286400802
  218.5613582858     150.0253459069
  837.4367633443     110.8629257721
  545.2924585081     102.0317237974
  417.5096773010     177.4542892322
  388.7976085606     189.8846953121
  112.5188924676     268.8965084199
  735.7844946024     216.6472629185
  377.8047248651     264.5994409488
  962.4137064063     250.8518126668
   35.4347773692     320.0468027683
  968.1540082835     403.6209219856
  601.7120475437     430.1562824398
  120.4604711757     543.2202753618
  613.3236148528     236.9708785592
  375.9315958271     311.2568158031
  978.1843568177     290.6269635148
  588.1693055208     298.6706165507
  358.8992694244     382.6544228934
  188.1539022053     357.1911953283
  130.8497705135     475.1483145803
  104.1786752075     466.9431030101
  545.4625787179     290.7256448615
  163.1438152385     249.6191766357
  390.3901189467     429.9198086699
  619.4600319962     356.8442156695
  168.9435221842     449.5935766034
   50.9081107851     422.8372125103
  643.0007019069     413.8239920923
  970.2396227447     453.3764955674
  816.3524610414     314.8068215035
  594.9495514644     362.3626018098
  237.8677387601     340.5268301584
  422.1832153340     377.7407858780
  892.1103832359     341.7416563553
  453.6758344363     443.0940170708
  895.7908369277     313.7917157519
  235.1105625849     309.5365848764
  667.3812704781     255.2370293100
  340.0068181378     314.1407619974
  481.0414654925     331.5430840072
  792.8957066131     278.0215422895
  667.8104360429     241.4188911355
  195.1419717894     261.0488303079
  174.7784656740     334.0228896595
  995.2085717791     310.5754576769
  504.2732805525     286.1419789458
  817.7834775315     168.4520908268
  410.5464585415     335.7636379978
  487.3820906739     382.7284499367
   36.7081798649     373.0872129089
  279.9323802830     465.8062166864
  476.2938028618     348.1651244305
  158.2264317362     400.3737762424
  929.9388846107     376.9733905312
  437.5811818157     334.7071756042
  135.9704689337     213.0077268126
  677.4185149676     176.6387362044
  661.7871545991     146.2777686675
  831.5068701392     111.2406771468
  418.7595323916     181.5132084489
  189.6280305048     193.1557938634
  538.6758513091     164.2469259651
  298.0460419247     238.9267788993
  185.5726649000     397.0124518233
  138.7524590314     377.2737069441
  661.4517410560      80.4429971689
  979.0169166772     167.8728205554
  347.6603012641     234.7643053739
  967.9833762700     207.6218973880
  343.9408729175     200.3571787209
  732.5930963066      63.6285316297
  313.4798449926     143.2351833806
  820.3060803657     162.5599442645
  183.4171810024     160.7948267850
  906.4309335774     168.0005444251
  139.5701972282      97.4474043631
  508.7078507724      29.4282246069
  299.1100385086      48.9257004651
  875.4405289334      92.8738590357
  865.6617314086      74.3858530682
  585.7577858589      24.9846436157
