   -1.1385347758
   -1.0990294982
   -1.0477577206
   -1.0361902126
   -1.0185516220
   -1.0152598520
   -1.0129562012
   -1.0006598559
   -0.9715255584
   -0.9678025706
   -0.9384061997
   -0.9327045721
   -0.9316186349
   -0.9291242556
   -0.9037328494
   -0.9004408618
   -0.8834376697
   -0.8135467846
   -0.8034110483
   -0.7874780777
   -0.7664326337
   -0.7517683527
   -0.7357616845
   -0.7243666888
   -0.6884418647
   -0.6662926070
   -0.6345232509
   -0.6252116506
   -0.6021714211
   -0.5658487289
   -0.5600502461
   -0.5357493404
   -0.5144184450
   -0.4877135629
   -0.4747579108
   -0.4142676425
   -0.4102135749
   -0.3844888301
   -0.3288610292
   -0.3125152612
   -0.2996016048
   -0.2760655184
   -0.2263373747
   -0.1879355593
   -0.1707298025
   -0.1211126676
   -0.0970450211
   -0.0740014720
   -0.0447125181
   -0.0233130022
    0.0147452920
    0.0319167774
    0.0600314822
    0.0869203456
    0.1314069540
    0.1599000258
    0.2184592285
    0.2511136958
    0.2703323010
    0.3072335086
    0.3293138313
    0.3589270806
    0.3826857067
    0.4282909904
    0.4317087800
    0.4692484402
    0.4786123917
    0.5060050819
    0.5494592555
    0.5626815039
    0.5953699467
    0.6171197740
    0.6320025788
    0.6519404572
    0.6673594430
    0.6752683769
    0.6973042110
    0.7315396167
    0.7753607793
    0.7834796711
    0.8047225090
    0.8378556155
    0.8530776073
    0.8626834691
    0.8816368167
    0.9036138495
    0.9109822767
    0.9258765781
    0.9345356558
    0.9614930541
    0.9780300202
    0.9966647622
    0.9976791733
    1.0097009154
    1.0132735258
    1.0155178213
    1.0730760662
    1.0911303101
    1.1419404649
    1.1514533635
