  382.1136346650      66.7019122339
  399.8119169669     102.7018167055
  933.1393918223      57.7189551730
  799.7639964642      65.7558295393
  380.1899563598     107.9434991625
  164.9373954119      29.3524601315
  677.5746625414      47.0098026091
  832.3110700297      97.1861394402
  744.8669449003     105.2920077503
  448.4984089771      97.2598303729
  232.9948228512      42.8513700954
  557.1840491391     157.3557221254
   15.3195200026     109.4577078050
  634.2202737787     275.0704718137
  180.8757783412     360.5127881985
  555.5927423014     462.6524575879
  537.7999777674     263.1528949654
  905.2003660457     185.0986636452
  276.4176936078     224.3104415467
  324.8630516473     205.3109353085
  998.5089823226     277.5494142785
  616.7514276279     276.5437608075
  857.5606620869     154.6215321796
  265.6203919000     164.0143357779
  157.4754886015     245.4863464785
  938.7845734061     273.1099292221
  944.6096521131     324.7491984162
  594.1008984390     285.4864863291
  430.6824703134     278.1946930054
  103.5378646895     264.9562434189
  727.9282641607     194.3211271684
  478.7435966763     167.3892978126
  930.7811240001     378.3857297675
  865.9184109674     405.2949704706
  182.3616828143     322.3410140397
    1.0172021752     329.2162313291
  643.9912244047     272.3319836931
  342.4565943909     339.6721708849
  302.6698542731     386.8782356821
  889.9987909384     425.3423598658
  479.8546733347     461.9890113051
  607.6590671274     490.1172551889
    4.6220904606     368.9041463383
  569.3241635412     365.0757799237
  925.3914031003     484.4188651512
  830.8368007267     440.0553034906
  994.9135662007     293.1979038235
  467.7765324142     303.8898408113
  454.2974388221     263.5880757288
  913.4192855198     244.9431102062
  100.9174966145     291.7239581383
  300.3777486178     354.4909267267
  879.5540609263     451.1595245844
  330.6289041638     506.4401124165
  999.6932846590     515.0693617675
  967.6617347204     535.8408229533
  742.5807062346     531.8616165057
   28.8921093503     578.1235845365
  568.7813143642     374.8216985958
  833.5151489210     431.7377311829
  820.2533081578     377.0506495284
  355.9215071125     251.2696198766
  552.4976481433     412.1488853824
  174.5225702058     343.1159229674
  696.8924998873     385.6230365831
  272.8266066567     539.9389260145
  837.0954724476     351.0834247917
  329.4773705167     214.9510994466
  736.7771965024     167.7039113955
   18.4357091861     136.7397324247
  450.4741620753     194.7589369907
  554.4407248439     149.2583400160
  122.8672531930     192.6480303760
   10.7030695119     288.6288862135
  354.1224148446     321.4836455216
   61.0625126281     306.5136950817
  181.5284180948     337.4166028363
  789.8270622097     259.5786350257
   54.9096026481     385.1944861300
  186.8335961940     372.2700929040
  447.2951634078     363.6484649005
  507.8713465912     365.1795091526
  148.1884468200     336.9302347616
  902.5039310125     198.8526178891
  362.6753005143     184.2770287546
  677.6281068310     165.6315715421
  866.2028193187      98.4781845542
  458.6704802386     123.0185886091
  132.4936974582      77.3460019871
  694.7985185001     105.7281820667
  537.2485565350      92.1457157975
  661.6881749449      68.4515978821
  309.3115812272     131.0648085692
  150.9176663982     138.7460324964
   43.5076004952      84.6135090387
  843.7362246111      53.4110996357
  441.2363228674      41.9765292191
  933.8356187982      30.1869050733
  343.2917448207      40.5371135127
  798.7510521640      31.0495705682
