4.477837354
4.04732036
7.696151921
7.747533986
7.650312154
4.330105915
9.99131819
8.678056998
21.05799638
20.09177164
9.052953541
12.70162586
13.68860317
18.44461456
7.491350873
8.685866406
10.88223978
13.89960846
15.91178637
14.7044283
11.91034718
21.0286812
8.757966768
15.95368414
14.87472997
20.33359624
27.22886685
23.73122767
23.17654783
42.98941684
26.74006007
35.23902876
21.678779
31.64499898
36.00136834
34.57803534
28.01798006
21.25794542
22.30717017
17.92021678
30.87669912
30.31033756
25.35016614
30.83886736
41.54016537
48.24009098
33.62673477
30.90097676
29.01667019
25.48866872
17.07306872
18.33202699
17.81936833
25.09306966
36.32867737
35.57156846
25.1508133
25.4795313
31.02361952
42.63845358
37.57828454
46.84060423
41.76540687
42.02288511
34.3581719
26.27125457
16.85553622
32.65049036
32.40957279
37.54359382
30.39100249
25.55039838
12.24076862
31.35271537
25.28792312
30.14137025
30.86768251
14.11765934
23.20489754
15.9468157
25.96214431
32.05911668
11.35865365
19.8152408
11.56690545
22.16740418
14.5236501
15.58047033
20.7008601
23.4591735
18.21411097
9.944621178
7.437706505
4.20235902
10.59590383
15.80826021
6.2395318
11.14226463
12.44111855
5.163801115
