6.740125348
6.629169629
4.7270237
5.497799403
6.853508797
4.573254833
8.278765348
11.4376984
18.10464067
14.23066828
25.94708734
8.768163933
8.833608727
24.3448703
18.46108971
6.662604761
20.74243342
17.36279918
10.17320454
18.71601828
14.25172601
15.95701277
28.74863278
41.78218031
36.89226314
23.41142237
26.55600795
33.91505435
43.96433975
19.42628953
27.99726039
37.42084946
44.7938453
31.28226369
35.50947454
33.98073919
50.05264595
47.24448845
51.19457813
51.11640944
49.3222457
40.88005686
26.40050594
39.99997462
18.73698271
42.8894097
40.08693735
18.72514645
28.90209735
12.39113743
25.90344553
24.2506354
13.13223002
22.51324642
29.6374452
20.1317921
27.00166476
24.03684903
12.91365584
24.13533963
30.10706879
34.85181703
25.00267313
16.31737335
20.5263542
27.49924484
16.30294685
31.37955921
37.99122222
16.61040755
33.88365062
33.10653059
32.33985833
35.44706842
20.56023426
26.78996706
40.1306597
36.59370155
28.65496481
27.54463143
14.56255982
13.46143812
15.05139493
24.39895396
40.56860826
19.58613048
48.92544543
25.03185191
11.40467805
8.199815649
11.85851452
9.085079182
15.55095464
6.2402566
7.274971605
6.974613942
6.177697579
3.78826785
4.771023349
4.800632491
