  143.0673286040      45.4620359186
  944.0267012642      28.3821901057
  265.5762308082      37.2593409744
  692.3375743037      35.5560982202
  556.5990107904      78.9204878763
  138.3256030653      76.1131731054
   34.8031989056      49.1722831164
  544.6642501106      99.4411280247
  329.3410725552      40.4818749260
  726.5663179267     106.5665288867
  835.9273180754     102.4781441426
  232.9330477101     144.7214324411
  566.1547559497     200.2453166722
  422.2532648237     121.0149756904
  888.8129278316     107.9530648634
  152.2910717234     199.9104736506
  644.4477662605     291.7823727387
  923.8823963369     289.4837505809
  636.0850443948     242.7311316905
  463.2998399198     214.3249672042
  128.7349528770     185.6805419239
  128.6238710370     187.5536362065
  771.2052064725     156.1678716524
  541.4269415936     282.4957776725
  909.4174289404     388.6215362938
  203.0019089505     207.8853208711
  499.7584567109     342.0409665890
  997.2025346770     390.8722687284
  815.8448041092     537.0385706925
  696.5408192667     518.7282476038
  565.4360061238     333.7642791768
  136.2643802493     432.3248814738
  979.6255915654     416.1833169184
   33.8274501883     445.4135020402
   79.0783579511     439.8671234451
  636.8786400338     343.6149832010
  305.0674790317     460.3827159917
  154.5606167442     406.2482789699
  516.2773616252     278.8041168104
  439.2875593410     326.2152062916
  125.5156944984     423.1648182365
  609.0199298008     525.0022334287
  570.4595352026     466.0134698469
  291.2770108043     427.2809711747
   69.9105119766     373.8442753875
  787.8154611446     285.0132997146
  155.4566622982     318.3268062567
  575.3453930673     277.6728094154
  107.5834895053     323.3758395314
  800.2337128800     467.7863265673
  338.8297145559     507.7591141548
  899.0669947922     486.4280276118
  967.8337878028     526.3484859165
  741.7509000401     501.2195664816
  429.8979987443     429.6454296936
  931.7122694556     376.1959108648
  448.1183399777     385.9661982863
  448.0229205430     458.8772644875
    5.0468083189     434.3596816890
  471.4792058620     376.1123825191
  843.6102287451     357.9715915146
  280.4858061241     364.6950201678
  254.2990178841     322.3345525653
  373.9020539026     328.0155494668
  911.3979740437     355.5623021982
  929.0881841068     310.6346024709
  356.0348976308     231.8175865456
  988.8429135846     319.8189855376
  781.4365530320     296.0220694591
  546.3504808483     211.2861597075
   25.9399845080     355.1535502567
   69.9228920660     378.5772824865
  636.8983711199     207.2361229590
  105.1504745119     279.3740760880
  175.0919010978     315.7202269315
  337.0397536928     251.6849944377
  783.4831278099     170.8772510836
  180.1427268591     193.5302330657
  526.6923190163     154.1165131912
  954.1743477276     327.8853256742
  801.5362326981     372.9770871727
  670.5103431336     242.9531671660
  284.8477904351     133.9988370911
  931.5136031948     187.7725929855
  403.5535444794     158.4687547069
  890.2168600309     177.1663975702
  558.8499236346     218.7884897085
  345.5764549416     229.9400574779
  147.7655699987     189.5778487898
  565.9585936041     150.4347515352
   12.0830246010     146.4100422871
  889.9886852884     119.9757641589
  389.7235156353      79.6993126211
  281.7010682404      70.0467134191
  727.6417661964     112.0160321247
  952.4495987861      47.5791561288
  664.5719294094     109.3832991512
  122.6168813974      40.9600464932
  524.5074565550      41.8132527516
  681.1700976998      40.2072607040
