  467.8439606896      29.8029367056
  270.7129033880      45.8824346374
  547.9417268247      38.1825478399
  173.3896317486      66.4633542986
  104.7640619454     135.7944010331
  272.6077263354     159.3314785956
  823.8011893044      29.5936822885
  501.3820100542      67.7574841000
  965.9461547057      47.1151640934
  282.4264469571     132.2738949837
  595.3717646635      59.2615043155
  900.8842704542      76.3145433638
  142.7622041165     149.1458736339
  713.7542643875      59.4710366301
  170.8348096163     193.4684859035
  728.4257090748      78.9064354750
  272.8528925119     181.7100641470
  937.7525034372      84.8790080993
  624.0057999642     239.8827852992
  704.5997972391     245.8662900607
   78.7195221049     149.0948575263
  227.0879121048     262.8697311971
  724.2694568697     164.0586329718
  277.9735770320     330.6224577745
  458.7750448429     338.9212744264
  663.9806500007     275.7179510265
  853.1330788564     144.7467488098
  306.3898491717     227.0461123179
  943.2337103877     303.7549155629
  376.6090468510     305.2351782571
  801.3686432323     389.4307932519
  681.0105683715     335.3793417804
  174.3347469938     328.7730336740
  629.4143505242     195.3307481694
  803.1203546482     395.1027708451
  882.6847601033     402.1351893216
  174.3007943458     278.9783347850
   61.2706272901     480.6708236342
  646.6748669041     529.6792479745
  207.2216814760     315.6927241075
  597.2795248092     220.7887269810
  836.3526250050     329.4805740000
    2.6798876462     348.7731081139
  365.6858837666     318.0778386207
  874.9449362640     344.5545362854
  564.2944657261     311.0110645202
  173.9530847888     394.7584197284
  783.9934991465     515.9348808722
  338.9295809577     430.8140456341
  386.7895014731     267.2188943855
  755.9545480060     237.0449001529
  919.1539496583     344.3633639733
  954.3776070663     388.5324835559
  123.2945191500     322.6454458380
  513.4554208122     263.6777565251
  633.3202991776     277.8583762533
  196.6227235431     423.0288726566
  844.9942945669     424.0767858396
  192.4608232559     360.8882895238
  249.5852957266     308.8377472684
  886.7517658874     260.9195590892
  912.9248977479     441.9326941099
  845.2935016049     410.8745804144
  497.1806910450     208.3437854548
    9.9017095236     190.1978844577
  445.0128578154     308.8835905966
  580.7681375815     367.9449670668
  831.2456298418     370.7333225884
  496.4240799564     358.4227843515
  925.7213442774     413.6443926377
  483.8632924977     432.5948365910
   43.8941960711     440.4992328116
  560.6162288953     346.1327707875
   40.6225587153     382.3074623863
  811.9423681289     338.6387703600
  153.1117703759     318.9022093795
  984.3568317490     357.9344370217
  585.0509851877     319.4367410538
  691.2513082218     436.1508769377
  188.6086994431     455.9623715666
    8.6577409070     345.5844448249
  168.9553861377     299.4411985347
  648.4436904872     124.6753897665
  127.9810390303     378.7026797587
  254.5992581087     403.8060406627
   94.7467667673     272.0524285405
  679.7736393956     145.3743124686
  194.6976776600     221.3559120017
  534.4533348314     131.6228754601
   37.3726593825     198.3992727083
   56.7436076609     184.9432548416
  819.1589915547      42.3250691950
  670.7882407967     108.4088344365
  172.4231677109     119.8984761072
  659.1295577203      76.9163618639
  345.4430176379      63.4953107715
  532.2167755900      54.3075191175
  465.1470088849      32.6156376662
  283.6428970239      35.9026473479
  191.6885601681      30.5566478352
