4.177930815
5.128907374
6.49400669
5.246891553
5.221278142
6.946942245
5.12870916
8.859070423
5.792027151
6.700455294
7.650198221
11.08659262
5.731229806
16.5350778
17.33310669
19.65915409
16.0499138
6.844565899
11.31730471
6.545601629
7.101581799
11.01242668
8.954354584
8.552379004
9.698249102
10.23435701
16.13127255
17.13404683
14.94813369
16.40907653
16.93270608
14.40260641
22.22428294
20.56791118
15.13818573
29.95955372
29.25510261
21.19444129
16.02554654
17.15314636
17.08214421
21.10115245
27.45701678
35.18881794
23.11479942
38.84034225
42.58425732
27.62624195
43.47059836
21.10264681
35.35286763
42.9370055
42.42131604
32.83038485
22.77602608
30.72104444
25.09989686
32.92711257
17.68539595
27.54969252
13.88754162
32.35466851
25.14431291
28.40249414
48.5420326
48.13761685
29.9033047
22.42436913
23.23564787
17.84190914
15.65033486
9.366192939
15.28835247
22.10456045
24.42043395
14.14308556
13.09418506
9.383831729
28.17906837
18.98509026
15.28943198
6.907174371
23.64212657
24.53449482
17.91591253
8.926823165
21.71101818
32.65144814
17.95181853
11.51030527
6.700265249
9.732988459
7.888294591
7.361542781
13.58327573
18.04069904
6.588843493
5.012324161
5.232255688
4.351231878
