4.874886334
4.689682504
5.989063111
7.554730543
11.62987231
12.32219456
9.630062929
6.22150169
8.544148291
9.41075378
12.60258993
14.52112456
7.725956439
12.53646369
13.36117149
20.53620919
21.58580958
13.90221337
26.53030306
17.17882869
21.48323173
23.95788402
19.33508179
20.58926305
28.83643764
32.32052234
26.27082086
31.77132476
34.04828815
33.8476835
22.52449872
35.91729273
48.45051908
56.84834038
30.68340216
17.10061284
24.81796924
15.10586569
22.19917416
31.81099507
18.67807542
32.11804326
30.58095399
37.75237773
9.647040701
35.33916289
51.42186061
50.24383553
25.64988299
23.26344205
22.65467921
32.73256029
24.92903614
49.44300396
47.79520583
21.05983062
39.5705177
27.24864456
30.33777699
24.63570544
29.71150124
23.84624872
20.10767755
21.8522749
33.1804977
30.99943657
37.86500858
45.08990408
12.16868741
21.53379555
18.89688612
24.06190445
29.57548038
23.47356457
28.44281923
21.72231216
12.05397234
15.34656019
10.55133631
17.11025899
15.11128107
13.94208792
16.25849061
17.40453789
14.86923102
5.807862087
7.978159378
12.50846942
9.427391491
13.97381064
6.542492594
9.240628168
8.503144912
7.177950358
4.01585301
5.419422649
6.266177537
5.914502207
6.4330127
9.341137441
