4.752464344
7.627795256
5.387396025
8.040892577
8.026175846
14.47985573
4.46484884
5.031368708
4.979109078
13.26506969
4.135069794
5.323721117
16.54735546
8.90867451
21.25698843
9.529351327
17.16168535
6.017410557
14.36470348
13.51547038
10.85783339
26.49678829
13.67080389
32.60668725
18.23052025
19.9588744
14.28939228
22.60057615
14.02200346
15.38857256
30.70755801
29.23873777
30.98175159
17.28887793
29.88404374
31.10397816
28.83979419
29.45529316
18.82959804
33.30488631
16.2493234
25.5751632
30.08462455
21.92661128
29.21386571
22.31405336
34.41470588
31.62255128
35.81323513
27.74204631
15.92991399
39.03810745
42.38886867
32.1090178
15.98597462
23.18453504
33.61037525
24.68365888
29.54878457
25.98032872
18.78525292
34.37026053
36.46760936
21.44029151
19.1006499
26.58873155
34.30812265
22.98640258
27.44267004
40.16638411
39.58753279
40.41941671
31.371331
38.33713796
21.21315452
29.73259983
33.2401332
16.2278255
23.87901082
33.51590028
23.78813486
36.85005576
12.89159032
27.50879873
12.57911233
30.45142869
12.60492262
22.43386737
9.806255928
19.24903135
24.43445544
4.643544523
13.34807411
15.66198946
12.59058527
6.602033474
7.67486628
4.715627357
5.679688421
5.02894327
