4.375267074
7.10753022
4.920148329
4.423105235
4.718228163
4.220828242
7.527624488
3.929817702
5.252999958
4.094775696
5.739012933
5.61389068
11.17343082
8.719339923
12.11390028
8.916282322
11.26444461
14.60350718
11.47504818
10.45543458
14.34126277
11.42368092
13.21670503
10.30686759
15.09559157
13.56698158
9.011770694
18.99666824
18.51390373
19.24292045
24.81799984
18.18737255
27.05599124
22.36983912
29.16933577
20.28705986
12.39095046
14.0519202
19.66470674
21.20433383
22.82917872
18.67776629
15.78863036
35.21495189
35.75174953
31.30267185
30.9781026
26.22781317
32.58522416
20.9591082
23.3301165
37.88991261
16.20140509
14.75737374
43.15884262
28.41553463
26.40935389
33.79547507
38.03039161
43.11314055
25.28934399
39.18623652
45.07429135
37.69008168
41.01409747
36.42871357
31.67955475
38.70584761
19.40629153
14.99651642
21.02249627
24.1400577
27.94660788
33.86374237
38.13512436
29.83506069
38.64554962
31.19982456
24.95680662
29.71688308
28.66247024
27.81465116
22.64266831
15.11586528
17.33056062
6.953151377
12.0396446
15.93752629
11.61403328
9.40980679
9.940693185
5.593803063
10.68934467
8.826319864
11.88254783
8.38474906
9.470154014
6.872577662
9.412918668
5.365763665
