   -1.1594401131
   -1.1063007276
   -1.0830589866
   -1.0636273091
   -1.0518399393
   -1.0443903216
   -1.0251563387
   -1.0214137748
   -1.0188060565
   -0.9936926838
   -0.9877143383
   -0.9585036550
   -0.9553527353
   -0.9179491267
   -0.9144846210
   -0.8822729539
   -0.8752378705
   -0.8473917570
   -0.8412193044
   -0.8174996921
   -0.8107099394
   -0.7987376041
   -0.7509902397
   -0.7298998982
   -0.7136092926
   -0.6786337654
   -0.6542420576
   -0.6397080366
   -0.6086673422
   -0.5738677541
   -0.5674486834
   -0.5498408496
   -0.5047667617
   -0.4841208875
   -0.4469352745
   -0.4232942034
   -0.3990473461
   -0.3602552081
   -0.3528717838
   -0.3178892202
   -0.2841190172
   -0.2570409284
   -0.2272372226
   -0.1987007039
   -0.1730010607
   -0.1431418311
   -0.1075564702
   -0.0622264821
   -0.0390703818
   -0.0054434956
    0.0134407409
    0.0510642257
    0.0651048169
    0.1280192555
    0.1416472614
    0.1835126609
    0.1995005252
    0.2223892372
    0.2554361384
    0.3062646173
    0.3279555704
    0.3576110804
    0.3939954071
    0.4209925491
    0.4633207094
    0.4820050293
    0.5119789822
    0.5307985419
    0.5579684304
    0.5747132008
    0.5886242774
    0.6050140305
    0.6633038515
    0.6930885019
    0.7107697978
    0.7524668688
    0.7694148971
    0.7906524259
    0.8070141798
    0.8206212247
    0.8610544233
    0.8706324542
    0.8807163770
    0.8982817366
    0.9043004767
    0.9207647095
    0.9515864482
    0.9588807809
    0.9666811396
    0.9934583801
    1.0062127276
    1.0260029734
    1.0276068054
    1.0367788278
    1.0457526407
    1.0747698853
    1.1082262995
    1.1227497475
    1.1418449976
    1.2109722437
