  139.4375521092      30.7471198948
  962.1169998317      59.5168031439
  480.0658844441      29.3547086024
  631.6417478226      57.8319700352
  719.0546936769      75.0220076998
  214.0047348056      73.3307460561
  883.8988127459      92.2959251710
  272.8180977388     122.4775567591
  244.0838276393     123.8464461491
  835.0811649821      97.8017936935
  392.3372449002      48.6344254299
   44.7111130797     106.8106198246
  614.4995411511     110.2246273888
  935.2592733073     217.2607871496
  666.2238791265     221.3789147197
  816.0799100153     206.4975458435
  445.3804193746     206.3847602930
  234.4649702323     278.9770663298
  361.4519049947     254.2034347564
  816.5010436903     269.8073250772
  309.5315691956     484.7451155286
   49.8314590877     581.5561182708
  915.0545266879     258.8772725349
  159.1260459465     253.8553375624
  195.4345647319     316.5002236319
   69.5801792018     267.1605513442
  746.0747995385     156.3739223082
  521.9362087942     187.1574004288
  272.7670613232     373.5320249399
  283.0275934213     465.5709699841
  434.8040671700     402.0537422653
  654.9725092143     494.9096366016
  103.7179106171     402.6542841679
  408.9013283464     287.4431490835
  332.7312701858     550.8734962530
  185.2760744614     520.7367723658
  981.7739521609     390.6622481552
  761.3485538810     428.6951849720
  262.4921559928     469.9535660248
  228.9465075036     476.0546900686
  764.2423864111     406.0269696835
  903.5148804884     372.5306558712
  505.7983065795     297.7959160485
  581.2557649727     246.9627875049
  113.0706996295     240.6079830350
  697.3184619200     317.9414429705
  353.7014014396     263.4296143275
   54.7290137961     430.0929013607
  914.9467465797     492.3173260439
  926.9182244614     416.9212560802
   70.7903566883     375.0596968536
  935.3096551912     444.2420206082
  421.3485329867     360.5746474126
  885.6811026330     558.1346448960
  509.7336684430     367.5991219180
  420.9031045495     323.7404630081
  891.2614103584     318.5991229523
  938.3180476915     404.6262556146
  546.4445535710     499.0782181491
   40.1467102546     437.9426874161
  375.8659202379     262.1233574251
  532.6237910769     282.9534802232
   79.2433074601     453.3436287871
  100.7888290568     457.6993289964
  360.4130679227     540.2310055084
  851.2160463821     292.6400321943
  418.1675286123     329.1197089897
  213.6010512052     346.5440842462
  975.2118911968     213.2424086008
  447.4119738838     206.0617851125
  636.2975875086     363.5692640146
  748.6306489803     386.8957022278
  357.9648447097     369.6106394210
  231.8730875518     381.1415780767
  798.9134128268     239.3362230872
  840.2140582668     247.7447227081
  499.0351729183     467.1636832638
   24.1621416435     588.8101403932
  836.4876635221     523.1786027907
  749.7683831876     529.0576438882
  465.0199480929     266.8674661192
  843.1576280714     276.5652598965
  288.7009372415     240.0413628417
  538.6425956286      65.9575165091
  144.6673055574     114.7597452333
  784.7664446647     184.8090907670
  565.3054208009     364.3353846109
  626.7972883202     368.0466155673
   53.3972535443     114.3866471202
  305.2283682582     113.2068986351
  166.8817347216      94.3837146584
  891.6890837663     117.4277713539
  619.2297571447      31.2795869901
  976.7597369835      96.4917698721
  468.2412388949      39.4011974689
  269.5412825706     112.5935907384
  286.4318785311     106.3474150439
  811.8243298811      52.3381941684
  732.2968897060      38.2757833684
  970.2936286467      38.9482744556
