   -1.1589504724
   -1.1105369187
   -1.0869309894
   -1.0837472956
   -1.0510910318
   -1.0458370722
   -1.0211968676
   -1.0081687647
   -0.9973313060
   -0.9920303771
   -0.9793784686
   -0.9655207680
   -0.9333018906
   -0.9049414502
   -0.9001062676
   -0.8617481966
   -0.8357431812
   -0.8289489142
   -0.8026055656
   -0.7797095859
   -0.7784344492
   -0.7621391704
   -0.7262447483
   -0.7152125339
   -0.6877829071
   -0.6720982352
   -0.6356778619
   -0.6114172906
   -0.5976530045
   -0.5861676470
   -0.5669796221
   -0.5115168118
   -0.4979444771
   -0.4743668370
   -0.4305375940
   -0.4111159969
   -0.4074829591
   -0.3474396193
   -0.3405376486
   -0.3006976130
   -0.2686645594
   -0.2416624930
   -0.2270065554
   -0.1857129667
   -0.1727088999
   -0.1247707013
   -0.1083637363
   -0.0649198383
   -0.0410675508
   -0.0140308671
    0.0083580854
    0.0440246043
    0.0583183726
    0.1183377299
    0.1233046104
    0.1715969368
    0.2375276561
    0.2463144381
    0.2783135379
    0.2885931236
    0.3397019044
    0.3624168395
    0.3858289954
    0.4180251218
    0.4463609502
    0.4853717465
    0.5092523792
    0.5247785821
    0.5456962591
    0.5599446545
    0.5910433773
    0.6024916707
    0.6380920452
    0.6817179680
    0.7022229524
    0.7194626207
    0.7353101974
    0.7502295910
    0.7695204274
    0.8026243899
    0.8222797023
    0.8511431234
    0.8703488693
    0.8798736491
    0.9077433154
    0.9190421321
    0.9272975959
    0.9370540436
    0.9861516792
    0.9932648862
    1.0395892316
    1.0517729476
    1.0650272063
    1.0690675756
    1.0807228400
    1.0998135552
    1.1122886788
    1.1203930750
    1.1235397994
    1.1374948665
