4.981849288
4.313002421
4.626410713
4.493011644
5.832792841
4.969441304
7.480633617
8.679559279
12.59793103
11.09078806
12.42514204
15.5311371
20.58625999
11.9007164
16.60305377
12.2621278
10.04141465
14.39059439
10.31898903
17.6735623
13.57426613
15.43438127
17.64771225
14.96867018
28.42046505
24.62432525
33.40808116
18.7622247
30.05481464
31.91355915
25.39564242
35.50675738
23.52104
16.62616946
18.72719133
30.17392053
38.57065578
42.78323614
25.16416008
38.5438803
47.34299744
41.40059995
31.5235304
29.04095906
21.22547768
27.8391107
30.04446567
32.43569076
34.17129846
30.83648464
43.25577533
32.91115049
40.00811549
28.16121395
29.94736866
31.14525081
23.48190028
28.66871177
29.17314482
29.52601251
25.75134029
32.31040581
21.55558855
30.67124856
44.01064305
40.19183204
41.50587741
29.39000497
19.98342374
41.48673363
36.13199817
35.2650941
38.89511163
40.93982346
16.62658681
17.15842899
15.5605033
15.8977794
29.93304957
26.43438519
17.21394523
17.54150205
14.67121077
18.45284552
9.449787719
14.94159519
12.62231253
8.754881739
8.863856121
9.573205453
7.306792746
8.777987472
5.4715846
6.60273149
3.669344107
4.751124233
7.893240312
3.543138913
4.076224029
4.867905925
