10.98121115
12.08499499
5.301711379
6.079311387
11.25004647
4.580834135
5.060070902
6.563130612
9.82398647
11.63349044
5.827246578
20.10281307
9.19811773
24.22729746
10.45234678
31.11585482
18.64048988
12.37615017
17.45770312
19.46021052
10.95146849
14.62885889
12.47081471
10.36656527
22.24309565
24.51581016
28.65339794
14.03918006
17.19376196
20.07363448
14.6199969
12.59047629
35.07194765
31.94622984
17.58323711
24.79929341
17.75142703
27.2973424
34.36384344
32.95431402
47.97774363
49.68107954
35.76070449
32.57242664
46.18150079
44.944693
28.86354579
27.0420894
27.80281371
17.01105506
29.79659987
30.67179954
50.89639344
44.30815381
31.29864414
39.96940459
49.31865925
51.80872729
38.36067307
38.63512895
38.31853297
19.6582484
26.38580904
12.54078422
37.30816542
32.33777346
30.82880558
14.39239249
13.88393433
12.37840879
19.56045703
10.00970509
16.43995871
24.93644977
25.66072086
31.31335705
27.19855167
9.023875482
32.76797221
27.61240177
30.68585517
18.6262827
29.20131351
20.10361556
16.4647674
12.34519206
10.13102327
14.19807511
9.42379074
7.854142817
5.921934072
9.089596903
10.65928445
13.50408698
6.407613015
7.148881283
6.467947998
4.912411776
6.721936986
4.470355046
