  689.2978197049      36.3590104314
   68.0781386395      45.7497687101
  294.3391305932      56.9775233680
  595.6106389475      40.0509546422
  778.0244778933      74.6866781560
  961.1046141291      99.3127751783
  357.2573496049      84.3486887771
  991.0215224978     123.8412400150
  754.8285328421      99.9202331392
  520.6414070825      65.4886751088
  272.6538430187     146.5155442292
  179.6272024933     183.7154567145
  882.1449017573     133.1922158072
  152.8393275804     220.8805139703
  502.9405639892     110.2884958442
  207.0776389997     176.6467553102
  713.7273986181     119.6951724501
  914.2119932887     153.6750879495
  502.7275533594     248.0861447882
  156.4459738681     357.1312091990
  406.5680629605     376.7104165301
  581.7464460349     312.7527268237
  180.0614580524     325.3351155078
  201.4018078750     415.1300895001
  453.4090252113     541.4004318556
  297.7497381288     508.4378354405
  131.1402450516     329.7628988987
  415.4007371437     303.6859265274
  685.2950264475     222.2868503640
   15.4079988356     257.5967010828
  484.5193687537     357.1027671039
  420.0839280999     367.9705070663
  940.3769750413     284.1281367390
  458.4125612029     324.7194800617
  995.3253076654     368.7706140884
  938.5518691729     340.2808474293
  502.8438258675     375.6519109092
  861.9488048450     336.6082116276
  524.3949256937     311.0609735189
  324.6570592148     218.1723442295
  912.9539450311     146.7342253582
  369.7913681177     341.3947371796
  560.0982684849     377.8037718875
  520.5742736687     292.6775344492
  980.1916284868     340.3397432133
  488.5126543732     448.2118662518
   63.0906402811     426.7981161980
  821.8213391938     457.3401170535
  618.3108431164     452.8953024856
  379.1171159942     361.3883447561
  855.0735765546     355.0834506036
  883.5139766524     409.8517983316
  495.1409049892     386.7693684949
  577.3867662877     362.6916429912
   80.6573206767     383.0152786088
  289.0716585969     440.2049567212
  842.2692335135     560.4162556835
  309.0209236754     400.5053369658
  839.2930649246     253.0371269881
  547.2311163786     284.3211563544
  181.0866414473     344.8669695033
  574.7792472446     298.8073370509
  868.7679688659     282.0189573141
  902.4045873143     267.7760745625
  470.8035325727     161.8967784712
  128.0807726336     278.0685221904
  990.5200846152     404.9223842460
  918.3107862690     423.4396509873
  231.2133300235     503.5547441224
  129.3564646098     550.6462458331
  852.5739650559     328.0526778014
  476.8546049326     464.2740280145
  711.3943446775     461.4644311325
  179.5582118295     422.9649687242
  338.8782152879     266.3284339795
  549.5472109751     237.6061376873
  726.0216058090     110.7984437936
  254.7847107093     350.8014694101
  115.8555072894     347.2486258549
  174.0355449942     189.2375549222
  130.3884853654     181.1879248374
  878.5303951549     128.2252694014
  543.0429743067      55.7233619913
  429.9309718682     106.3476291623
  322.8448335065     215.3054956511
  144.6566619655     305.9896059307
  794.2098554752     244.7790791287
  199.0472299757     183.8758711554
  739.2657203687     186.0982268885
  971.8173391826     191.0350884446
  994.4864741024     137.7398661119
  317.9693721875      78.7926996446
  603.3983072497      36.1609605931
  923.4611042578     112.8462654245
  756.4536843971      71.9506431134
  478.1578491460      28.7560603871
  332.2720571933      52.5848632470
  692.2011826491      41.5485445207
  942.7081790546      45.0840762588
   69.3972019751      30.9658936898
