  507.8607963171      43.5205674800
  938.8900694206      50.6708991567
  309.6441092492      27.9388558918
  776.2931553848      70.6943608377
   60.7933384841      65.5066147426
  682.8631001225      75.0819128901
  621.9627751539     110.1478289122
  900.4043813948     280.7057690771
  561.8932734015     288.2541881487
  859.5008890699     145.9127656216
  213.0396907351      54.4321602853
  420.1809081939     110.0828164432
  876.2193776175     222.3359803011
  516.4588159629     312.1590459122
  149.8522552415     300.1020338869
  114.5726794276     346.5888288522
   14.2479257121     238.0186811604
  667.1401480871     247.7512245766
  737.1791172760     244.0735464478
  552.9523925212     223.7350719814
  100.0881589020      97.3264793234
  655.4598804968     318.1263454177
  419.3028867669     368.8385696112
  382.1833186219     272.7147513243
  193.7183710959     322.3658498789
  318.8006945984     399.6214590288
  124.9964953819     310.2979523329
  733.4714490345     155.8650727734
  192.7903482538     176.9933915754
   88.1962732274     296.3480643276
  559.1738699104     326.5003470616
  638.2165009268     332.3345769132
  175.4599687592     257.9805007026
  598.5718954796     422.4250487921
   83.5958636766     461.9734124751
  426.0770700497     326.3720531260
  939.9598620765     244.6469442617
  354.0017016222     239.4862940817
  943.4381818461     270.8550800405
  461.9621005761     280.4484513662
  730.3439198890     316.7193654351
  804.3769701523     244.3987927723
  463.6559989384     385.5333883443
  924.4161180203     529.8259323558
  200.2544972424     380.6371443057
    4.6829513580     225.6095123681
  420.3325061720     179.5832452365
  837.4650224604     235.5097705595
  623.6326035962     309.8874279624
  178.4429095696     291.2383720013
   38.5667212079     212.3455097606
  568.4607544197     217.1934725277
  213.4087082301     213.4447001702
  420.4136037716     257.9221753876
  730.5105381365     455.0172929118
  995.2793872822     465.2972329158
  943.8600049132     255.6884229911
  318.5520332989     210.7884220528
  579.3050318554     273.0697807622
  629.6436332724     342.2720076910
   52.9137003578     242.6287483341
  622.2829655857     401.8924609848
  713.4312478742     313.4975169002
  158.9436528227     186.1185296553
  528.8546390130     234.7893631120
  229.1560916112     212.6410959039
  764.8722097752     301.9159183137
  189.8996051308     310.8387629743
  805.2746293648     489.6560957610
  830.2394691996     476.8530378799
  620.1561451286     217.0531997705
  963.2054170250     250.4141123885
   73.7261988308     283.6557892758
  438.4909832644     182.0526494605
  196.0495989664     259.6798892447
  825.5821348391     304.7310022838
   67.9063914458     332.3685437085
   52.0224291319     284.5632523686
  497.3398879857     140.6597455197
  464.0299900290     277.3852529477
  666.9039123711     290.1531749507
  842.6945321203     216.6487827151
  169.2826299934     254.7018216892
  124.5447603519     262.2398299809
  205.8164362644     147.5545766336
  761.4628535108     344.7664109332
  685.3384527628     342.9462380410
  666.9582127001     219.7818390222
  779.4357059386     195.2279589491
  970.9280228677     194.2710523271
  559.3743202146     193.4637248218
  262.9363049103      55.7525085621
  505.3693939784     120.3337147938
  794.6271536698      85.3441758068
  410.4158721400      44.6601207726
  902.8278919704      77.7333870707
   78.5110771184      47.4567090262
  580.8367513754      37.1174760475
  928.3399653862      46.8173884763
  316.8061161503      29.3947134054
