  521.8585660077      28.4183061269
  765.4932346502      26.7232844031
   30.5387751561      31.3143705074
  601.7691299606      46.1537405240
  902.5317318785      35.8777769687
  288.4038472716      63.8797545969
  394.9652886959      44.2672314301
  667.0674154110      56.9281403745
  182.5989276500     141.5325204093
  211.0015572558     172.0876428652
  172.6087191527     201.3331856776
  906.3794695004     232.6602681946
  925.1716203812     204.8613649854
  587.4919416413     106.1961130954
  108.0241818823     140.7768648643
  501.5304238787     161.8819837067
  888.6195548700     178.6939758199
  726.1683115381     227.3750991924
  522.8965316646     194.0341749664
  165.8119501796     144.3272178765
  145.8285322255     247.8628272597
  498.5704681631     177.2992432801
   38.4390880783     280.8140363168
  674.2531909611     203.4496310849
   48.5644776813     290.5471551999
  283.8342023983     260.7576435505
  567.2936754252     235.0418229375
   60.9297983878     302.6211372934
  973.1286521848     361.6417354837
  903.0545353202     338.6828170751
  408.6205318918     299.0975023111
  511.9229994215     364.6862855003
  791.9849843305     321.9173952009
  370.4951908114     334.7629492077
  735.7470053097     497.1883431721
  130.5948069560     351.2345972782
  658.3238439467     430.9900852208
  749.2635020958     405.6378541694
  897.1797410700     308.1154258138
  528.7429150834     289.8973634882
  131.8557053375     366.0882275426
  224.2042046051     443.8036181794
  963.3795270928     397.8034359517
  338.6896109276     462.7816649304
  984.1044797963     469.7086544267
   57.3958659435     578.2692692181
  580.3496961861     464.4500872243
  558.7712059340     516.3867524730
  643.2906133891     442.9517545010
  114.7858139851     350.4830021723
  270.7756793888     581.9050812929
  732.0488820213     476.0149962515
  208.0502063298     335.7539245506
  784.3630577416     400.5808109627
  893.9234402392     438.7196441543
  775.4182742784     416.7278537258
  531.1951405317     468.3884608140
  480.0894068497     434.4873992933
  256.9184214639     305.4199414317
  582.4874471196     271.3788779884
  165.6300152490     238.3890640446
  972.7640964700     273.6103690907
  685.3046074063     308.4232411695
  264.7985913539     186.4699226283
  615.1259757806     263.6306670859
  134.8912903946     326.0388000060
  624.5917464522     389.9872034472
  839.9239212534     284.1084325931
  903.6103411925     471.9418445959
  527.2280865393     435.9940627342
  432.3174765809     324.4980353916
   42.5272371165     361.0791174001
  729.3805600240     477.4387135692
  741.2612067358     432.8362381431
   26.0740837332     259.4416013897
  457.1386645967     265.7921731992
  766.7471638027     325.3542639633
  719.8545317964     249.4991424167
  816.4109712327     187.0636228568
  206.5620029167     341.9912927889
  499.8952843553     336.7723006706
  425.9570270103     218.4255693135
   11.1255725475     138.6607838511
  565.0140844776     120.1639464591
  998.5490170401     247.3303933077
  897.8570632903     226.6875224552
  153.9370227379     209.8168552738
  150.4743311208     186.2576414683
  685.7304029541      48.9816734073
  903.2688570483      85.7985998924
  499.7929297511     109.9579643277
  913.8410863328     199.6412878939
   61.3501077931     234.7474662902
  552.7190843527     104.9685884432
  174.0495964089     149.5464599010
  364.0837979358      73.6769572790
  327.8952654457      70.0381482177
  135.4186804145      42.7203081951
  769.2567068816      28.5871162558
  520.9525028453      38.6804140873
