   -1.1571163753
   -1.0360833814
   -1.0349667678
   -1.0286638551
   -1.0155548483
   -1.0138469148
   -1.0073783732
   -0.9827193651
   -0.9712729563
   -0.9619715853
   -0.9349694228
   -0.9255487730
   -0.9182329890
   -0.8967896041
   -0.8866097521
   -0.8665116134
   -0.8357909811
   -0.8298330427
   -0.8210668442
   -0.8120741984
   -0.7857301494
   -0.7835543542
   -0.7640131920
   -0.7097445272
   -0.6894693074
   -0.6674624547
   -0.6337894322
   -0.6070052755
   -0.5794485045
   -0.5629900071
   -0.5478196283
   -0.5203964173
   -0.5112043325
   -0.4626421943
   -0.4383883863
   -0.4284564547
   -0.3740691782
   -0.3522481360
   -0.3299444693
   -0.3134033868
   -0.2799039569
   -0.2525605174
   -0.2281539667
   -0.1896901627
   -0.1492855896
   -0.1057280333
   -0.1002693269
   -0.0549888900
   -0.0321131519
   -0.0037591892
    0.0471795394
    0.0838534848
    0.0936304565
    0.1140661801
    0.1636706118
    0.1871636246
    0.2088988390
    0.2534169065
    0.2726707882
    0.2910900962
    0.3176813514
    0.3803950258
    0.4023212141
    0.4213280914
    0.4233994799
    0.4543015426
    0.5125411643
    0.5200170048
    0.5457810759
    0.5914366028
    0.6282910844
    0.6387070907
    0.6625970324
    0.6659892198
    0.7013320694
    0.7479681611
    0.7844206172
    0.7867489510
    0.8129207523
    0.8175677831
    0.8262963452
    0.8425421808
    0.8438141015
    0.8913496638
    0.9196096197
    0.9249448805
    0.9504588225
    0.9505858339
    0.9671930006
    0.9774682459
    0.9922736400
    1.0099652312
    1.0229241920
    1.0312109368
    1.0500921403
    1.0673874812
    1.0728858746
    1.0890712392
    1.1336227447
    1.1473664386
