   -1.1761478361
   -1.1499300371
   -1.0903382359
   -1.0569213684
   -1.0504272900
   -1.0495622558
   -0.9999100372
   -0.9917663018
   -0.9852856176
   -0.9847332436
   -0.9585306289
   -0.9493079790
   -0.9401586578
   -0.9363167050
   -0.9255850131
   -0.8897920646
   -0.8634846718
   -0.8526113722
   -0.8498870999
   -0.8430997242
   -0.8004843598
   -0.7788442414
   -0.7716464686
   -0.7328553342
   -0.6947764060
   -0.6863076502
   -0.6717255597
   -0.6614417218
   -0.6104923571
   -0.5952375812
   -0.5632488364
   -0.5453630525
   -0.5129084257
   -0.4775890135
   -0.4466742928
   -0.4211106777
   -0.3794785520
   -0.3596476194
   -0.3428118714
   -0.3288713551
   -0.2857434764
   -0.2729666192
   -0.2286085111
   -0.2161097112
   -0.1774639133
   -0.1208462937
   -0.1101813176
   -0.0763417875
   -0.0317947739
    0.0045753235
    0.0176313275
    0.0438996574
    0.0674852752
    0.0901201540
    0.1142711792
    0.1670585945
    0.1956873679
    0.2373881569
    0.2442011012
    0.2772388409
    0.3100327032
    0.3275631403
    0.3672992716
    0.3783849678
    0.4238690469
    0.4439160942
    0.4743969068
    0.5093596481
    0.5206155753
    0.5677451474
    0.5719979496
    0.6057154144
    0.6200466693
    0.6494322432
    0.6871223899
    0.6998696465
    0.7043348823
    0.7227200647
    0.7410775295
    0.7935668537
    0.7959114037
    0.8338920602
    0.8443459901
    0.8481244708
    0.8940940928
    0.8986202871
    0.9140766432
    0.9212499697
    0.9344593194
    0.9410999996
    0.9647731913
    0.9730295344
    0.9882993644
    1.0058760630
    1.0371679365
    1.0385777319
    1.0876186786
    1.0982803745
    1.0985437793
    1.1994208198
