   -1.1543021156
   -1.1095657157
   -1.0822781770
   -1.0668298987
   -1.0502657982
   -1.0411406780
   -1.0360951693
   -1.0285906353
   -1.0257042025
   -0.9924723038
   -0.9847999807
   -0.9665448923
   -0.9504126733
   -0.9417465553
   -0.9285504476
   -0.9120662717
   -0.8933000025
   -0.8594696787
   -0.8470905231
   -0.8363847119
   -0.8222943789
   -0.8034500804
   -0.7894154749
   -0.7513606380
   -0.7389672707
   -0.7294213980
   -0.6920446606
   -0.6733150666
   -0.6377953634
   -0.6163029366
   -0.5880218035
   -0.5670987185
   -0.5579462884
   -0.5037473105
   -0.5020034470
   -0.4763598891
   -0.4394703562
   -0.4236253605
   -0.4061010115
   -0.3660801999
   -0.3022308260
   -0.2492543612
   -0.2374529255
   -0.1889120134
   -0.1545840354
   -0.1379135292
   -0.1030378642
   -0.0771733920
   -0.0597208383
   -0.0261706207
    0.0005296087
    0.0427041544
    0.0559344004
    0.1001825834
    0.1180674375
    0.1469950299
    0.1784638762
    0.1962902573
    0.2297176898
    0.2802685616
    0.3032706392
    0.3262529047
    0.3550994916
    0.3994389775
    0.4199933737
    0.4544815781
    0.4915444466
    0.5129942429
    0.5388252681
    0.5501976388
    0.5657792351
    0.6081712411
    0.6112985534
    0.6200276812
    0.6953059200
    0.7007244574
    0.7298952928
    0.7427320134
    0.7491571924
    0.7945116495
    0.8233240309
    0.8444311144
    0.8569416588
    0.8859080711
    0.9121156693
    0.9189934613
    0.9228731417
    0.9301076243
    0.9413837877
    0.9491683883
    0.9928434420
    1.0045950400
    1.0110958717
    1.0253808825
    1.0287416504
    1.0620575028
    1.0718561412
    1.1027271644
    1.1178900563
    1.1568029787
