  615.9848978824      97.9866675485
  225.3332688738      34.0568933493
  510.0696779064     113.9978464173
  770.6248534918      95.7438424863
  855.3060182737      81.4620197726
  577.0650250953     119.5781492341
  369.7906038198      67.8561429340
  734.0883779421     129.1274300093
  960.3883234053     125.9816444463
   16.9169481052     170.9706736939
  686.3854906255     173.5827476568
  249.3300589963     118.0028043142
  505.6217505042     164.9324309746
  188.7977649893     134.2650509970
  966.5804783324     108.1980471113
  546.9480388054     170.9220710421
  108.8042100790     196.4925653632
  824.4571830131     262.4708292737
  189.8098952530     431.4497817766
  411.6186993242     431.9537100291
  891.0441564890     180.9239943148
  228.4671578099     205.7053068438
  546.7558307336     226.8007916753
  102.7403500767     245.0044438599
  287.7828056468     283.8860609811
  381.1405869934     285.8593261752
  536.6601603486     263.6387860307
  859.9311864149     118.9743675320
  460.4771925890     259.3171540957
  243.3933227081     261.1396580682
  949.6800227341     171.9784719042
  332.6143175007     221.6882424177
  289.5170346319     402.8462848266
  326.6427903670     379.8480897901
  903.0127211298     151.2348090589
  678.6157644657     222.2221223174
  199.2042688991     208.7613264594
  587.1749250998     264.0817737934
  755.8336965950     427.3910510412
  595.4212760047     425.0383643817
  262.5625709722     402.8378870118
  927.0018814078     500.0492461349
  994.9983284710     449.5377533486
  498.9636010497     400.9278218901
  634.8584050223     503.5726261659
  265.0697937058     378.5002209189
  811.4768013391     389.0677647951
  894.8116266132     328.9099239458
  454.2814256182     320.8766355298
  158.1870803791     400.9522015758
  628.5459334654     391.9610516758
  150.7835931227     339.8707627168
  633.1860095426     271.4728882717
  996.1866213783     381.0697333976
  208.2963642543     428.3073214512
  420.0838715591     345.9970240867
  926.5246288189     402.4819704933
  105.2938485760     425.7478908684
  679.5565904048     466.7647660807
  736.8494519395     501.9843819115
  979.3319720834     583.2384195502
  767.6971359193     501.8821519248
  169.6189333715     405.9405855535
  641.8318188573     345.3212708120
  650.6264241285     530.4075830313
  450.9330178427     561.8857277105
  391.7674092424     284.5004957362
  397.7401551734     281.3910355277
  243.7264828077     332.6636288338
   13.2646989118     253.1520091911
  537.7768461280     209.5261695585
   76.9546344491     219.6598357910
  409.1881825606     216.8789014514
   59.8717969031     229.8265557944
  563.9310730104     216.8491477888
  863.1823510961     236.2679627925
  241.5134530713     220.1255505961
  519.4056440709     204.6275986297
  320.7781928877     185.0972450327
  825.5418544614     145.8320894464
  220.6319300662     209.5382840763
  446.9114591739     141.5774738675
  124.0372550735     228.1506451431
  912.7334635099     218.1528460331
  906.3540223123     165.5857305894
  571.5010459713     128.0021071135
  470.1355576871     103.4203974432
  138.8415750352     102.6037825007
  723.1717102393     141.8172306691
  903.4674622400     155.8028270542
   81.8811837809     150.9004499306
  623.1579153626     204.5406463806
  774.9314403524     191.2810490896
  644.6193424840     156.9604647992
  227.3389111297      34.1812710748
  837.6725114997      85.8165010241
    8.4488574230      60.7705702333
  382.0382750338      25.2794088934
  666.3055664682      59.2265930609
   58.2616319233      43.6655504000
