  442.5699194722      28.9841335012
   17.7196402677      30.3067327976
  188.3798145077      43.8978625682
  856.9306539655      30.0154538032
  526.3592402025      38.7597304575
  165.3509957482      61.7915141998
  327.0520757554      38.8752804362
  686.2534864018      86.7397562990
  765.0385914421      86.6857317075
  244.3605873571      69.9943109826
  490.4845176082      91.5709368185
  677.7233254658     122.7840103872
  128.5968321229      85.6716620099
  970.8721748665     117.6965427309
  503.4565430694     219.9072519621
  515.8556247886     229.7810978890
  942.1823188137     169.2436975929
  293.7268928166      79.9871106243
  881.5067311172     132.6432321606
   33.4777809960     143.4207685147
  747.5056873811     128.0588153211
  576.1284027084     140.6447612226
  957.8497548280     123.8420488918
  413.5873117289     129.8625237165
  248.9892692266      97.6974524978
  566.1200005708      99.2143189239
  809.3268980265     150.5348334789
  844.2060215057     176.8493721495
  235.5900119636     141.7246785352
  263.9678827209     185.7191925946
  824.5021345461     196.7272670674
  399.0131184185     351.0848615956
  203.9167444949     340.2748965179
  788.5397688461     254.9602578656
   61.3065678762     241.6774471321
  822.2072828475     335.0856236012
  525.8975542470     388.8012505412
  546.4406244855     325.6395059574
  954.2076437454     256.0105378317
  374.1524642905     282.8869659045
  273.1652095941     422.1007007538
  619.6746486288     403.6915690766
  585.8118292006     424.7845191578
   99.1537656305     480.4835702278
   60.0837464811     316.4226173982
  521.4036720636     388.6980283197
  469.4186498926     476.3596406374
  929.7315810105     426.5198360838
  416.2476259554     430.7744342073
  151.7342271987     340.7572286642
  677.2515850963     364.4986950687
  689.9625985060     469.6549461962
  610.2839659157     430.8847073675
  881.5540370543     341.7124367269
  110.7280320853     392.6010275375
  836.7358199265     485.8698467425
  113.8090707548     344.2115062029
  825.0018656679     324.3288829188
  487.4156302587     298.3605990682
  840.4408391432     317.4890466841
  369.1720631633     265.5598394846
  799.2035146042     348.5729105109
  686.7792749342     318.9981655547
  267.9658284743     372.3027049615
  751.6703560834     503.1276252205
  714.6554035465     560.4279590281
  823.4920918634     430.8480818428
  301.4348077890     389.3206728400
  373.4351297737     225.5883829220
  829.1738567038     159.6041348315
  388.8867977343     180.8295536970
   90.5874424961     147.9719063019
  865.2032555549     157.1312217347
  391.8358021042     272.7336818897
  391.2063268323     273.3797079652
  906.9943941038     150.6751095633
  151.9140259732     278.6027834220
  781.0816473342     245.7120029078
  266.5565363025     243.3202824225
  376.2742522439     257.3880692017
   58.7287581699     201.2030760469
  690.8829845198     180.4586757401
  121.6626152864     340.1116652044
   46.5775538303     331.5647580503
  512.5341998019     193.0021740969
  113.3673377629     124.2404911354
  541.8326175249     272.5257995477
  889.2585028907     343.4046956730
  825.5672570125     247.3021511840
  980.9343950582      88.4017811904
  306.7238452789      96.5003547440
  619.3038588464     149.2728894787
  238.5575648298      77.9241035494
  879.4709475181      55.2568421186
  595.0639389810     209.8906350526
  563.8288020172     173.0492835281
  541.1509681509      46.5484254093
  770.1342423854      29.1448061975
   14.8437957507      29.4489693693
  428.0454797131      28.0405733670
