   -1.2115807537
   -1.1738835741
   -1.1649424430
   -1.1513278555
   -1.1206131140
   -1.0875427755
   -1.0423766952
   -0.9993450979
   -0.9644449925
   -0.9636863890
   -0.9622538941
   -0.9457436618
   -0.9376265234
   -0.9231363408
   -0.9199337886
   -0.8970952758
   -0.8889710530
   -0.8771873813
   -0.8417302377
   -0.8128229453
   -0.8002714565
   -0.7851942924
   -0.7549547892
   -0.7371347970
   -0.7325229062
   -0.6930103784
   -0.6785905558
   -0.6480648959
   -0.6347022175
   -0.6145600142
   -0.5873793145
   -0.5740609715
   -0.5583990999
   -0.5130449344
   -0.4674124184
   -0.4238183970
   -0.4032780199
   -0.3887217691
   -0.3447372774
   -0.3140916054
   -0.3018040948
   -0.2799921993
   -0.2474721096
   -0.2246444342
   -0.1704127834
   -0.1489808575
   -0.1026681057
   -0.0780615779
   -0.0569075951
   -0.0165629183
    0.0048320358
    0.0438056571
    0.0549219417
    0.0906654518
    0.1180339688
    0.1601508780
    0.1828925741
    0.2132291521
    0.2707253910
    0.2908988907
    0.3001797152
    0.3313654620
    0.3598097736
    0.3914494789
    0.4337096460
    0.4528460273
    0.4958621236
    0.5137945921
    0.5266433604
    0.5740514991
    0.5864241682
    0.6080763778
    0.6178317926
    0.6270371910
    0.6927131987
    0.6998119386
    0.7332790213
    0.7408192292
    0.7560420743
    0.7641128426
    0.8101195835
    0.8177044135
    0.8282453998
    0.8476203908
    0.8780502149
    0.8888356977
    0.9089255732
    0.9246659729
    0.9451238657
    0.9461086220
    0.9554288796
    1.0168340591
    1.0421259532
    1.0726749235
    1.0854650633
    1.1045941382
    1.1323616193
    1.1439072677
    1.1577881427
    1.1859593970
