   -1.1414392868
   -1.1225579452
   -1.0454978602
   -1.0343241512
   -1.0204512594
   -0.9949314385
   -0.9850893396
   -0.9563760462
   -0.9229458340
   -0.9134468100
   -0.9103017336
   -0.8928194251
   -0.8813067904
   -0.8758334958
   -0.8669100248
   -0.8370179693
   -0.8270072980
   -0.8144493088
   -0.8027006311
   -0.7860400630
   -0.7776249851
   -0.7294412741
   -0.7179421636
   -0.6992852430
   -0.6890911134
   -0.6762539522
   -0.6612356455
   -0.6374811715
   -0.6196694676
   -0.5975336868
   -0.5853480518
   -0.5488495815
   -0.5362710872
   -0.4657422320
   -0.4076770870
   -0.3970662820
   -0.3809974094
   -0.3508623730
   -0.3161425547
   -0.3001691505
   -0.2826405300
   -0.2458486358
   -0.2324119187
   -0.1825764481
   -0.1642522827
   -0.1433917601
   -0.1009657599
   -0.0769742321
   -0.0578491543
   -0.0351768520
   -0.0009469462
    0.0387340370
    0.0537518511
    0.0988744756
    0.1321323494
    0.1461966390
    0.1916205431
    0.2282155918
    0.2507576614
    0.2704455795
    0.2926774812
    0.3523406765
    0.3665007764
    0.4057458025
    0.4229180616
    0.4393674054
    0.4561832517
    0.4754476148
    0.5084291490
    0.5498867418
    0.5837007058
    0.6019500224
    0.6108387773
    0.6314150346
    0.6443645425
    0.7114086752
    0.7225310008
    0.7380643328
    0.7487123095
    0.7556035205
    0.7684249839
    0.7871989349
    0.8146897599
    0.8237152604
    0.8564493977
    0.8682110368
    0.8706122586
    0.8769095368
    0.8967514548
    0.9231021851
    0.9503724888
    0.9569307885
    0.9608803052
    1.0019600422
    1.0038301077
    1.0160588876
    1.0357371236
    1.0709202901
    1.1278743944
    1.1523307924
