   -1.1068821420
   -1.0894353336
   -1.0878964816
   -1.0772237466
   -1.0767398085
   -1.0501613368
   -1.0167506944
   -0.9978695035
   -0.9971780703
   -0.9721966670
   -0.9628366512
   -0.9573563242
   -0.9364310404
   -0.9220686299
   -0.9184643581
   -0.9164940411
   -0.8988830313
   -0.8877373056
   -0.8484295041
   -0.8324065808
   -0.8001959110
   -0.7653987663
   -0.7598036583
   -0.7496318435
   -0.7093280601
   -0.6999647304
   -0.6905215697
   -0.6547896723
   -0.6350588834
   -0.5742373493
   -0.5711589125
   -0.5583784325
   -0.5518796289
   -0.4648019806
   -0.4615486747
   -0.4418645358
   -0.4166329077
   -0.3966705044
   -0.3567531234
   -0.3371573124
   -0.3117367970
   -0.2752719914
   -0.2040058809
   -0.1929388777
   -0.1883422159
   -0.1321163791
   -0.1155699466
   -0.0688499611
   -0.0393298755
   -0.0247805547
    0.0096628326
    0.0402785017
    0.0803045914
    0.1264021123
    0.1639127441
    0.1736585270
    0.1930232473
    0.2239950507
    0.2643125926
    0.3112836248
    0.3310483117
    0.3508660153
    0.3783422159
    0.4247246494
    0.4357801775
    0.4828837959
    0.5084125660
    0.5263089319
    0.5419381726
    0.5525242529
    0.5869262745
    0.6398517595
    0.6624638814
    0.6724188033
    0.7002380660
    0.7118274881
    0.7354912760
    0.7422398717
    0.7568967318
    0.8125893030
    0.8152437743
    0.8671738488
    0.8812379231
    0.8830925183
    0.9081147191
    0.9094633279
    0.9176327890
    0.9358427472
    0.9655210824
    0.9778939059
    0.9808508884
    0.9934920470
    0.9983649851
    1.0062450790
    1.0322817167
    1.0751057536
    1.0787828952
    1.1126414019
    1.1543593446
    1.1674156725
