   77.6628980843      26.9710001133
  185.8968604211      46.8169484743
  887.8378923697      54.9265114829
  516.5182543807      53.3100766470
  809.3569413492     127.2848851315
  737.5225496537     130.9188686022
  215.8383534390      97.3731714593
  631.2182848028      81.2030916703
  190.5808268361     137.8432579497
  488.4110195717     111.8525329884
  381.0668694224     182.2512593879
  913.8241645598     214.2623583273
  841.3004583864     235.9054754411
  338.6937448754     221.3897586802
  318.3499954469     132.4239131247
  906.0780621946      80.1373114283
  660.4124259218      84.5003160067
  472.4323986257     160.3154205946
  124.9285835133     181.4007584375
  815.1774585451      96.9328048626
  226.9312408020     324.3530613598
  386.0861899536     433.1519888592
  381.7771157411     485.3892817918
  541.7396036183     395.4895784801
  366.5979026917     353.4602400849
  216.1928675889     348.3361228989
  873.5112069491     462.4524191146
  438.6359774292     431.4593266581
  876.0616756912     256.5795653864
  355.0547337410     408.1204087692
  787.6952196649     401.2523016587
   40.0859014776     520.0618368954
  129.3983113024     440.2561226596
  836.8058465637     287.1017777043
  397.5342592867     292.0026214451
  460.5650509933     449.6647025428
  287.7120178102     527.3469786940
   40.9158054467     344.5615528375
  873.0206544234     506.8854242970
   60.4455931899     488.0353297309
  685.8989861883     379.1881240790
  988.3246272982     330.2269216413
  455.7218199692     260.9775820668
   37.1156047161     199.1997592462
  556.8671440350     294.2661141199
  498.7413910687     366.1743582567
  755.8621431381     462.5485452554
  534.4544688992     438.1179400553
    5.7459277030     411.4267937263
  960.2214575071     449.6722914721
  921.3224922933     481.7889208929
  859.0022999595     448.9800291915
  605.7980807790     406.0962599866
  437.1452633159     395.6607135575
  540.1673474603     352.7324721904
  489.6304763232     292.4425801664
  173.9765624935     216.8410120292
  948.6520677570     251.3585867437
  668.3380916809     253.3113451210
  385.0871879983     243.3956303852
  974.3523988631     338.6141216523
  932.8105991584     414.8527192129
    0.2560286083     388.3825049340
  704.2174034055     388.7650005829
  174.7708157835     414.2336306629
  234.5518806226     484.4292511754
  659.0328335338     409.3954015690
  257.2711691374     315.6734415706
  734.5823548925     382.1461748151
  642.6262649854     392.0620963592
  958.1325233754     315.1262336466
  410.2701946037     402.4920596151
  771.7367543916     329.3205201073
   23.4285778519     409.4766604004
  594.6688322216     505.0369931160
   69.8438901883     557.7612882818
  236.2560897909     297.7227373545
  395.6235200732     240.7571175669
  427.0470402512     213.4917627641
   22.1524774434     129.1507126066
  727.6373132179     117.6254522308
  449.8761386921     196.7561831178
  101.0829281061     140.8304140798
  362.8705106782     194.2965981309
  748.9382327040     123.8643222308
  563.2892706538     177.3710187028
  300.6309486773     173.0087945777
  899.0298448799      81.6038826899
  612.4968612469     107.2216590414
  830.0307635072      69.5410803158
  997.9525673111      55.3903811626
  303.3052998845     221.1473874809
  226.3818104064     232.8605899420
  616.8688147159      47.8549339224
  224.2029296267      95.6696413271
  890.8653040095      46.5657896184
  160.1324618755      62.2839480522
  710.6239580427      30.9108182762
   86.0705358654      39.8687902533
  466.7679747290      25.0377437714
