9.923193989
5.483452946
8.994653404
11.21867853
6.861420401
11.51425495
5.023964534
11.93303495
12.78459944
11.62505472
9.950973146
10.84867616
17.49599661
13.03435066
10.14563279
16.13540971
20.16604591
10.38303282
25.87836187
26.40024554
11.75360449
16.60080606
21.26980386
14.13668061
28.94463881
25.64581064
21.42308412
9.508151157
25.57221991
20.30746998
11.62175727
9.996343676
23.40793896
30.08627966
14.62889819
13.89775651
17.38990076
26.70225496
37.08266572
39.58958255
30.89266454
46.06899692
39.67484451
30.96035297
48.21124512
31.84968142
36.66243762
31.12657552
21.87948278
32.80869241
25.68398487
31.14187553
23.38270916
33.75937531
48.42911342
31.75617503
33.48767959
34.58683969
50.55900749
47.75650033
54.18318516
52.65427327
35.64765609
16.77599561
28.86911038
50.21224501
31.62830307
27.61512093
33.46340232
16.39885819
19.65110556
20.63992059
12.74772696
20.71331621
18.15024967
17.05873116
16.96838739
19.2738713
8.855102569
11.88434241
17.26271278
11.20826474
23.07090413
21.35628683
15.35755893
11.88352262
9.127193859
7.199399332
6.377191125
9.976540515
11.6659485
18.19923618
15.33926463
20.07520426
5.480295154
12.22242782
4.604208326
4.02103334
8.867660195
6.684409855
