   -1.2703785138
   -1.1426879321
   -1.0825833418
   -1.0782753195
   -1.0529576556
   -1.0211547945
   -1.0128141092
   -1.0004176386
   -0.9897226753
   -0.9797702317
   -0.9615219824
   -0.9463594913
   -0.9305132735
   -0.9242317890
   -0.9014850611
   -0.8838656642
   -0.8720127112
   -0.8612003670
   -0.8020097982
   -0.7607460355
   -0.7604861522
   -0.7481868112
   -0.7364722542
   -0.7100779484
   -0.7064566691
   -0.6858234295
   -0.6566282135
   -0.6436685846
   -0.6106532353
   -0.5901811090
   -0.5512395995
   -0.4909683679
   -0.4671203132
   -0.4556885071
   -0.4465716210
   -0.3859725033
   -0.3723698942
   -0.3500516654
   -0.3411348887
   -0.3179966665
   -0.2883175396
   -0.2430631729
   -0.1949607072
   -0.1732283886
   -0.1626965270
   -0.1322245882
   -0.1198920069
   -0.0586121626
   -0.0521252526
   -0.0229553437
    0.0117864946
    0.0396536106
    0.0599662975
    0.0938239690
    0.1367917976
    0.1767356440
    0.1866398167
    0.2206669120
    0.2311841727
    0.2622222090
    0.3168440634
    0.3646637601
    0.3775542073
    0.4027724002
    0.4206902571
    0.4317438194
    0.4546157558
    0.5308580470
    0.5443100804
    0.5691592150
    0.5983807964
    0.6066563608
    0.6121019275
    0.6414237211
    0.6928604885
    0.7010530600
    0.7493326753
    0.7581821751
    0.7644269695
    0.7838554560
    0.8035464767
    0.8058343055
    0.8165653500
    0.8634680596
    0.8697936050
    0.8911734979
    0.9143798946
    0.9338707420
    0.9407616088
    0.9695447991
    0.9730748499
    0.9758643977
    0.9906600758
    1.0041996158
    1.0421974871
    1.1035672280
    1.1609153316
    1.1716917009
    1.1736603927
    1.1937325775
