  438.6179539214      24.8708099899
  568.2604246181      42.5916311723
  835.6273240041      32.3799502382
  924.5027936037      31.5555137635
  753.2203277047      35.9357334636
  349.0261149275      28.8902408257
  587.2374302017      59.1581029521
  676.3950073101      33.7318944315
  986.4685759409      47.4955459918
  118.9936291112      28.9369710415
   38.3049498402      60.1104845560
  306.7715650410      70.1677576960
  815.4774688760      93.3073934934
  264.1519499053     146.9314208112
  379.8413179521     148.1701910098
  923.0181068075     134.2157520709
  595.1169394059     138.2562686915
  844.7998167209     167.4582504812
  562.2361117068     147.5687992307
  232.8011797287     137.8140512114
  394.7876378827     233.5375683492
  688.1570298911     221.8156911744
  201.8326203391     164.0182214043
   75.2839928056     154.5282247058
  824.8549001312     171.0554791139
  539.5939598909     150.1710062785
  110.8153893620     117.2665145574
  397.0302143644     215.8297328205
  826.7003900847     267.5459474395
  522.9169633660     335.2316710752
  828.7780560061     327.3829703506
   47.6757739297     223.9358224176
  365.3547156407     357.0917663886
  564.8777118562     365.5406446962
  299.4547067359     309.2382291319
   88.0477571064     254.4630754236
  702.3020639062     173.7562939760
  186.5523906912     226.8572124444
  453.0365433907     346.6665330215
  977.7522987751     268.2593003762
  556.3025925256     248.4937231979
  336.8235139079     240.6202162708
  936.7178471683     213.8374123113
  313.1320863596     343.9725816884
  247.9859778236     380.1048620285
  697.8990980890     348.3226296028
  868.6485192171     393.8380479297
  303.6112743560     402.1604940724
  750.5085010889     384.1084085020
  400.2797535834     363.6616943959
  831.6480683049     439.3779978521
  685.0517101652     480.8541135147
  721.2237415289     247.2740686231
  176.9147798569     194.2292596815
  687.5135686410     401.8994717689
  426.3368622929     371.4026895744
  875.6728388866     298.2258428204
  534.0118651351     363.4907386790
  349.3557614048     407.5826755141
  214.6888016722     437.4591451613
  166.7942061258     551.7503386220
  225.1918411775     454.2454842604
  965.8307842065     442.5102791043
  876.9061096312     453.6423089674
  238.9750766052     421.2974709489
  242.0024878163     409.3744475194
  789.8363910133     417.9031555181
  875.1305496083     433.8907301252
  205.8502157332     231.5122639613
  536.9939306578     207.2771012862
   45.6650542813     255.4747606743
  821.7797256341     270.2496015286
  523.8445210483     350.1393472558
  208.4718917894     376.6611626846
  122.4455660596     498.1653302391
  639.7047612456     484.0490427172
  302.5140159086     446.8447534720
  766.5373717294     565.1740945916
  315.4857133884     258.3087547160
  872.6514724867     505.1557859860
  925.8751048893     480.6728872825
  472.9595343412     263.3904360837
  496.1644539452     208.4112437051
   23.3562126772     180.5878538672
  799.8376611952     204.3270911006
  221.6921065336     103.4513803149
  967.5739390072     116.7951029649
  762.1085125833     123.1068456358
  332.6378645896     103.8748069472
  966.2160113370      86.7692971793
  728.2038896892      92.9382914166
  121.8093316654      36.3442047721
  317.7160497656     117.3047788242
  577.9068380455      72.8158445272
  369.1159893607      83.1632584591
  957.4149030129      50.3521618770
  791.1114834009      81.3132831270
  576.8828514182      38.2691945998
  816.6847730495      71.7898083523
  438.0737414106      31.4923619598
