  986.2538250426      33.3443014106
  359.9506387833      47.7440891475
  579.0528871537      53.0879372175
  432.2719488066      91.8624464369
  136.8314123889      36.5940676918
  793.3427613097      60.9912851338
  485.1091669264     110.5473820256
  945.6649675602      57.6010221884
  250.5596259569      49.3333305323
  799.3467866984     102.6356505304
   73.1467929470      53.7959420411
  492.6048660464     148.7645308524
  741.1564828063     116.4380977804
  189.0330756931     139.5763185146
  437.3612287796     182.1204966597
  889.5297634591     203.2190026676
  886.5009188449     220.3169761131
  634.2436273847     221.3248929922
  252.0413510857     286.9988963088
  945.9182634339     146.4289895222
  550.5752921618     208.3786440974
  197.9826834284     189.1592583940
   80.4489824070     136.7162841255
  626.5239467005     244.2806427337
  751.5548661870     249.7585466065
  337.0474541838     260.3221817713
  521.1142866824     399.4424055959
  184.7840397705     332.7194599174
  572.7196514710     327.1218223308
  939.0251100302     294.2929822675
  436.9920216223     442.1898754299
  256.0437165628     478.3982339882
  257.3586624341     372.5727513006
  838.0549364885     316.8421454197
  297.4114667154     436.2560543827
  208.6084427862     451.1684850038
  589.2953995482     421.9594096598
  331.2789624415     511.0580023954
  702.8183454561     494.3233991304
  965.5143002210     459.9418961667
  924.8044440123     574.9917807751
  973.8682078605     513.6250921612
   32.1285401996     540.0798785621
  995.2509708081     590.2343402506
  945.8223410885     619.0494476595
   47.0367903584     405.6231555295
  499.3192524282     353.1358172612
   70.7667045441     346.1872709330
  607.4372636047     434.5443081296
  551.2557872949     488.8158593838
    7.8667070928     425.0773803651
  276.8187977705     370.1328780573
  732.9983775701     373.7068450872
  576.1626083348     390.0875087853
  117.0097624276     420.6840173426
  600.7123587437     478.3822301578
  233.6703914466     461.1861919292
  687.1587796358     527.0826314517
  204.7377250646     289.5882953712
  777.7272937383     305.9695301908
  943.4697953985     328.5086437110
  446.3772366518     322.9075434023
  455.1099411697     326.3966356692
  122.3861374204     275.9631096052
  724.1293575842     349.6393890292
  923.7563464049     374.0145914179
  558.4717835911     413.0199829813
  303.1100937148     409.5884546395
  583.4132931778     493.3788788759
   46.1629039629     531.2109274969
  155.7377943991     366.8178538147
  934.3904397136     291.5484966966
  522.8416862909     220.8339161310
  852.4586925411     169.2267377560
  543.5138287858     243.2862546629
   60.5901355772     154.7949637630
  552.9252332260     232.2719023989
   15.5296680072     177.2058164390
  400.3145616764     322.3548602198
  475.5843668955     293.4554992910
  148.0072797500     218.4718381236
  833.7025097371     224.1809133752
  990.0691863636     241.6804655599
  124.8213928596     261.0020714156
  351.5344836583     278.8200327430
  527.0679668903     210.3736585785
  746.1596756494     178.8389081093
  758.7381089543     165.0563236081
  108.6915542549      59.5094987324
  460.9060421321     184.8015302594
  494.8993371742     169.5352958285
  684.3768359484      64.0848141740
  213.1720621582      74.9900455750
  845.2421910733      86.7326885230
  905.1855414329      75.3452666733
  239.5611756842      54.9436636207
  419.8346223806      76.2413334800
  536.6826716433      53.2806858389
  347.5864797635      53.8188500950
  986.0808670553      26.1199923650
