7.410850174
7.369609549
4.680372063
7.046859045
5.428898023
9.22182698
8.457144239
17.96476662
18.31979524
15.17260606
7.407153706
6.901291375
17.74864808
19.2525326
18.05088893
30.29547357
18.15429119
19.39859926
20.53628077
18.95147574
10.40724399
24.62952521
32.3622527
32.04266921
28.61916638
21.40954167
27.39664626
16.66442718
16.05744181
24.88279322
30.68229671
33.18318792
25.66544081
35.16164613
23.41742547
28.88845858
17.06035858
12.25656687
24.11180115
23.63266253
29.22434776
25.79107979
27.65925978
38.99295702
26.6410021
17.75176777
12.94628467
11.85974582
19.49862554
17.84764037
15.83013627
22.41038589
14.20091154
17.49072384
38.2981515
27.58170313
13.14643875
14.71555877
28.66828088
36.73888019
13.84483591
32.97949913
26.11806179
15.51334454
23.27132889
17.14987871
24.43172496
18.82269463
39.68087424
41.37804067
20.74990727
24.87086602
19.92234446
11.76595716
17.92884747
20.71899799
23.93367806
24.87721045
12.72696133
10.10100277
18.29840487
23.75047644
20.92864236
18.57770864
9.378505494
35.2373873
27.39164126
15.74009085
18.04106889
7.592559002
13.1922294
7.688861442
12.50860888
12.1597042
5.566996417
8.110994224
5.609816819
5.883303018
7.566257671
4.859162136
