5.823250091
4.632831228
6.66836362
6.958326912
7.766504342
4.684386413
13.40366207
9.036501322
20.48102793
18.38626032
7.149936479
12.38211853
21.67660641
13.74760947
10.73193336
13.82915861
12.64458686
13.19327327
7.849205835
12.55324122
24.02595502
12.36406434
21.79683739
18.21308664
26.14434797
19.05371042
12.05675233
21.61426087
22.39864744
19.2234418
18.42964893
13.97603273
21.76451904
19.32061253
22.8207884
17.52367039
33.49416351
34.3082544
41.04638338
39.81550737
35.3718027
27.26848214
41.79401438
38.60710047
19.13168851
22.82173639
18.71261318
17.85468881
21.75368348
22.10589166
38.37236753
36.18526308
42.94381209
40.13073043
25.69132275
17.3948962
30.88640837
23.91200038
33.5323857
16.49555198
33.58318499
17.92601022
35.00513097
37.58085205
32.19545559
24.88629306
26.18542166
30.43999769
31.04673872
36.61532068
29.04920297
33.47258977
36.43564758
16.64159057
17.78314841
17.29220468
23.42574217
9.039356733
11.17948043
24.05101645
23.55403263
12.43101779
17.63277361
22.52351575
16.0367471
14.59048189
17.96185992
21.84024671
16.41769817
6.217255832
11.61125214
8.83700621
8.685056793
9.388928788
6.971921032
6.729018357
6.39020231
6.519682324
6.933906817
5.04246743
