  591.7430837005      29.7414733240
  974.1621365865      27.7294084924
  712.5332066967      39.5368854741
  498.3110432473      41.0325655971
  215.1802495853      54.7279956101
  360.0763906268      55.4954760727
  583.0728423085      61.0735367412
  257.8651234570      90.3022528034
  798.1656574907      45.7246080895
   60.5500783158      41.1408698650
  492.5697646922      70.5972750943
  709.6983078354      73.0863484521
  924.5882240460      96.5947715852
  209.9039510068     104.4159298112
  892.5868597619     127.3890037362
  308.5625007181     119.9976239939
  450.3755213516      88.5852701331
  981.1789753816     138.2285312181
  931.1562021917     153.0995557818
  968.4612586346     646.0761658320
   41.0334116668     621.5729277328
  798.8889761207     362.4941255930
  860.3112554528     339.7087810902
  101.7724271370     417.0949300046
  890.2599607957     414.9651545846
  331.6902502747     246.7888189162
  118.1669196041     227.7832372604
  775.2694530797     167.7010427655
  134.5160550950     166.9677722627
  549.2831921462     107.7069453686
  305.2708784167     157.4231991825
  941.2471308980     203.3200963283
  116.2233945321     404.4862290720
  362.0135010955     388.6420839149
  637.6505811337     296.1720132962
  417.6091281851     316.8899458981
  894.6024058362     418.4408636155
  881.4121902183     485.0293242925
  487.6576229961     486.9966670044
  561.9822566300     441.3367772296
  971.4375307565     285.8595901249
  229.8271753042     270.5921183337
  763.9705060645     468.8556666154
  101.4149507782     543.7546457990
  955.1529517334     595.3356923890
  701.7487171242     470.1536778986
  165.7260648827     382.7335642353
  722.1065624504     410.4878358907
  139.9257325114     444.0146450100
  458.6240095117     405.5851218940
  979.9974271757     369.6005027955
  534.7062814378     410.0703515544
  992.3677333414     328.6835881067
  442.7435231010     297.7159467104
  308.2666090958     331.1557991357
  993.9238625334     470.2976970050
   40.8652171393     518.2681404482
  758.5620013069     355.0678551644
  382.2329066244     368.0650130920
  982.1164184611     280.5224088001
  222.8540356654     226.0568078926
  795.5283349938     261.3843548392
  285.4282643155     275.8297027767
  871.3102408600     381.2646902562
  344.0904206663     439.1357587538
  918.2541682493     487.2851379679
  835.9480727228     250.1361568698
  539.1682736018     288.2614513635
  498.6058715003     306.5195143997
   61.6266923803     190.3880536313
  152.7003573376     425.5367885534
  558.1609714817     404.2134449078
  983.2113266467     290.0452404719
  360.4558108637     172.1810001144
  598.0794272191     158.7620703463
    7.5724945045     122.6900641188
  313.8730855450     250.2951577360
  827.5450993025     172.8457352990
  246.0069985804     262.7237069701
  617.0283309790     206.3680826479
  350.3707937157     283.2681556139
  816.7041044415     279.5796109391
   32.0054365057     110.0278461529
  217.8832576906     171.0857558891
  448.8673058454     151.4046695594
   28.6357153329      75.8971675025
  847.3873044602     103.5747106738
  259.4346740963      84.9700892025
  859.3389667008      92.6656145331
  700.7276483511      90.8797495701
  986.7362472370      45.5726600801
  430.4179801509      91.8633139476
  620.1234427654      77.7075431747
  399.7823713923      66.6038056861
  208.8355088026      42.0030343834
  719.8429123396      40.0443000938
  797.1446830629      29.6687225509
  282.9679968128      29.0211063942
  537.5698746928      62.6430043471
  562.0602292341      59.8109448294
