4.547518123
4.417341889
7.217977333
8.177062739
13.05203472
8.915055169
4.381595274
9.825421978
3.675884705
21.86837663
15.12993627
6.133780019
8.202458406
10.95577166
27.28150602
9.635646655
20.47184461
7.787333041
17.99193843
12.28812525
5.465780127
22.1630387
14.32780396
11.4954873
17.6564419
23.21417438
13.41421397
13.15660639
34.49811694
35.44481495
13.36701652
25.95893544
34.72833905
31.23973641
44.42962749
41.20649118
47.22482771
30.14966509
32.06603471
29.36115478
22.21802951
28.29381448
17.9670958
24.00912614
31.46945028
36.77531219
42.81455517
40.2299478
27.13519006
37.86718748
33.42592406
30.054034
25.17674937
18.2740475
46.36935842
38.51105946
34.07958115
28.18456686
23.68415731
26.49407095
26.78362794
19.10132728
18.76858257
17.13861413
32.96286787
16.29427391
34.33647582
27.06238927
35.88694189
23.5451967
34.58438423
47.29289254
35.43987709
15.25191928
9.861457854
17.47282513
13.28951701
15.28832077
13.49398315
17.02357024
19.72299911
14.47162081
10.25040383
6.609915455
11.777515
8.729327637
6.083725974
12.43850312
4.584158703
11.35140009
9.4818148
6.389182697
7.443365513
4.230849451
13.42579525
11.70312734
4.86187134
5.080940805
6.222524955
8.357574327
