  445.9300420478      45.7229229399
  321.3357010604      40.2835058814
  102.1773103642      34.6422500425
  726.4653359483      24.5509696604
  464.1462970588      57.6244691833
   36.3232801860      36.3359744585
  597.9338120755      42.5649226666
  285.9084633952     134.3535668241
  979.2476435061      92.2895941452
  200.9412080874     149.5236020508
  845.6683702433      47.8375497068
  555.1678680470      75.4425304335
  193.6982615746     146.2884770743
  917.6405702214     184.3245912190
  272.9521883596     232.0775347897
  559.0508647662     134.6933201919
  893.5678796511     127.0489105561
  149.6313497352     322.0103322946
  512.7676730840     245.0456788370
  709.0473246245      88.6329332556
  195.8220973298     279.9788956734
   78.3467713680     303.2546298714
  703.3170015983     114.5057955897
  119.4066100555     320.5927582674
  916.8550152285     386.5255890083
  102.8467808019     399.4651704160
  481.2396768820     197.6108046102
  233.9185278684     197.8726639290
  651.9620023067     448.9060935530
  926.8042747628     434.3440677343
  570.2809081450     417.9460705011
  785.4011251890     376.3923877812
   35.1419539544     407.4496694524
  863.5031238970     368.7982580395
  802.9240873740     203.0368138948
  389.2952117330     143.0582594487
  856.1070254265     216.5603678720
  166.0448444975     297.8780904485
  658.4569334798     446.7917913881
   67.6989382683     552.4983412575
  740.2333961288     532.6880919541
  180.9555334084     470.1630410729
  712.3106003031     482.3648300188
  739.3930272616     454.5454699948
  661.8932048342     291.4368150620
  118.3333639661     337.3068826797
  968.5995686510     454.6988900623
  907.8621271692     381.7552394510
  544.2290325862     351.7346081127
  469.9267884115     502.0842076810
  981.4130392937     555.9877630303
  932.8599832619     445.4799417400
  425.2904275222     372.3214528309
  772.7920162423     322.3657908208
  211.9291194117     362.0452685614
    4.3989201287     307.3124228015
  653.0910983616     503.4504681729
  164.3763449450     581.1872655341
  915.3626680471     383.7889820651
  563.2689333943     295.4241233249
   81.7088606654     408.1533577212
  626.9393908994     538.5038611336
  129.3545898270     478.3414427004
  658.2602568255     244.2306433304
   79.9243036394     303.1769204700
  206.1630376247     359.9286796752
  648.8041793104     350.9526553152
  976.6148370563     521.2931917986
  116.8266303676     383.2641438503
  509.8188718804     321.8150889777
  268.1464439454     458.3276508115
  649.9010038494     336.3343065119
   98.3477917989     381.7575030209
  613.1641685000     373.9501111040
  271.4602121620     484.5239528149
  175.0600753684     403.9915609480
  806.8878964904     149.6638079733
  174.5159219455     193.5461066478
  657.3985703581     165.0383265317
  244.5037856336     212.1294703109
  925.5574354774     166.6305847336
  707.9681999080     194.8403772051
  427.1489259247     263.6169799598
  229.8129437369     246.0752191744
  853.7366843566      94.8316234697
  661.9438800312     130.4448404097
  439.0326593438     241.1949581150
  507.1192714685     217.4660321980
  845.0556998545      51.5670378304
   48.7000368656      53.5131248210
  467.2076677186      85.5011482135
  315.0825267928     133.3696207032
  964.7129683708      36.1031692988
  211.3707439834     137.3684903191
  152.9321269398      98.1461870974
  732.0552332925      30.8267273721
  316.9395996143      45.2458539242
  124.3243202667      46.9131778895
  590.8761023600      26.4882719747
  439.8223284410      27.4865904942
