  783.3005260244      34.2845887436
  893.9299198327      44.8077353425
  419.0026024163     107.8822783190
  376.5838618879     120.5924244447
  650.6573953915      41.2566839742
   21.7334395963      44.3578109026
  310.7289531428     124.8201727349
  466.3785955641     135.7069833192
  930.0878577252      71.7981993574
   54.1684375577      77.2241783865
  699.6952538234     130.0170098467
  424.9237528415     126.0992325789
  145.9889886617      67.2755055432
  720.7969321112     286.2463734149
  722.2835711580     292.4292677341
  778.6006152096     143.0999210935
  149.6817848904      98.3011691441
  467.5099888600     284.8536586229
  676.9070801982     324.2550653546
  202.1104948641     196.1748247505
  740.6196714690     270.7639058758
  250.2448454484     398.9353512414
  212.4204350391     459.0310655486
  205.4762412479     430.3298842499
  890.0666702330     420.2742739713
  714.1440742185     436.0124274077
  454.5825401292     366.5743397617
  988.6727084708     395.3506870183
  624.3705490223     416.4681307487
  235.7438316621     342.8141547616
  318.6603426179     198.3135786288
  818.0206079893     133.2041302769
  430.2148046844     177.2245042990
  979.1226782535     231.2181303081
  703.2357812870     271.3383578299
   18.3723679221     380.6435613540
   21.1390078011     460.8287073781
  123.7812049268     458.8605704230
  547.4708593911     392.0261770427
  115.9173804455     392.2445988661
  317.9657375943     423.4700118428
  240.9952871916     416.4463728236
  660.3542771020     380.3510948139
  285.5315429094     423.0149899995
  666.9933239616     351.9757948018
  997.8400785865     391.4990997252
  772.0461130942     542.0189310348
  266.3057288831     514.7253152156
  639.0547833842     229.2100869717
  333.8734059311     187.4215909849
  859.2478114236     261.4694165236
    4.7378054877     294.5897979443
  555.5121262585     445.6288238448
  640.2860748014     491.0922651513
  536.0383508390     532.1870671289
  529.4423006451     508.8481089445
  929.7849407879     481.5721699242
  910.0613619372     547.5875093439
  612.6323827233     378.3236599840
  190.7165607277     370.5824114280
  506.6465707373     437.7008563662
  770.8624494189     459.5350671510
   14.1111125921     556.3537952922
  522.6949444689     513.4286535144
  881.3860992895     395.0838043964
  971.2197671347     347.5695876056
  300.1276116997     514.4388267221
  807.1556466059     457.8250052636
  332.6208340842     223.3957859691
  935.6351435684     356.0442647798
  829.7349941134     350.7833813856
  539.2810811643     287.5022324862
  541.5435841574     558.8446351027
  310.3334726726     557.3571046121
   78.6774452522     495.6537117676
  369.1173675202     427.5436967799
  719.2428505791     416.2373963177
  146.4131053489     454.4646906643
  159.4579948428     330.4268524729
  584.6347009391     236.6201708657
  444.3726613693     269.9418206696
  126.7871438425     200.1803469914
  861.5272691021     143.4028865504
  599.6735722380     152.8081351431
  196.2510424314     147.4209435917
  391.7763098520     128.6152626648
  607.7041729378      64.6405919333
  840.3446876911     195.8740064530
   54.5250211750     218.9481135415
  284.6923491419      90.3043655406
  460.9670733862     104.9833839538
  918.7877352460     118.7176349474
  108.7236495671     136.9563155198
  678.8751792382      35.6186271806
  970.6985382236     175.3556384152
    2.7484942488     174.8554410866
  463.3133046405      56.2709046350
   23.7845591292     215.6928980310
  852.2575844067     213.4585789040
  382.4828203951      31.7135058498
