   -1.1600000327
   -1.1164145111
   -1.0974716162
   -1.0948532624
   -1.0583916577
   -1.0529587562
   -1.0513823969
   -1.0132393084
   -0.9909825514
   -0.9865687371
   -0.9532538236
   -0.8966098666
   -0.8927838951
   -0.8849577841
   -0.8766279575
   -0.8749401238
   -0.8510669446
   -0.8441135226
   -0.8359523566
   -0.8196042531
   -0.7928332257
   -0.7905586371
   -0.7560368766
   -0.7195020606
   -0.6967297956
   -0.6805185404
   -0.6479305357
   -0.6392165368
   -0.6096993098
   -0.6030653030
   -0.5830085646
   -0.5037957610
   -0.4739439664
   -0.4663318104
   -0.4292692821
   -0.4119988574
   -0.3806735816
   -0.3565577852
   -0.3204221751
   -0.2887336411
   -0.2746433308
   -0.2528419770
   -0.2234585947
   -0.1839180229
   -0.1656189133
   -0.1441478147
   -0.0984463442
   -0.0736869949
   -0.0389824821
   -0.0028349544
    0.0475715328
    0.0866436419
    0.1074765226
    0.1339045326
    0.1495091727
    0.1716408515
    0.2129222090
    0.2278043303
    0.2668068187
    0.3003417477
    0.3151084892
    0.3596469365
    0.3938275605
    0.4011370627
    0.4648473812
    0.4782620622
    0.4935147618
    0.5297563341
    0.5626018811
    0.5931381477
    0.6094964916
    0.6521686295
    0.6766379134
    0.7094383929
    0.7241179120
    0.7600636841
    0.7799882188
    0.8002511662
    0.8108857905
    0.8299249806
    0.8418607662
    0.8543195221
    0.8571608883
    0.8685930310
    0.9058531264
    0.9126422271
    0.9422606533
    0.9614509945
    0.9768677198
    0.9837634469
    0.9922534542
    1.0260524487
    1.0265577158
    1.0269901437
    1.0321022731
    1.0653895359
    1.1238054836
    1.1492540922
    1.1692942027
    1.1935814931
